 nspr4

 Timestamp is 59d84fe1 (Sat Oct 07 11:54:09 2017)

 Preferred load address is 10000000

 Start         Length     Name                   Class
 0001:00000000 00027020H .text                   CODE
 0002:00000000 000002a8H .idata$5                DATA
 0002:000002a8 0000332fH .rdata                  DATA
 0002:000035d8 00000064H .idata$2                DATA
 0002:0000363c 00000014H .idata$3                DATA
 0002:00003650 000002a8H .idata$4                DATA
 0002:000038f8 0000089eH .idata$6                DATA
 0002:000041a0 00002bdfH .edata                  DATA
 0003:00000000 00000004H .CRT$XCA                DATA
 0003:00000004 00000004H .CRT$XCZ                DATA
 0003:00000008 00000004H .CRT$XIA                DATA
 0003:0000000c 00000004H .CRT$XIZ                DATA
 0003:00000010 00000690H .data                   DATA
 0003:000006a0 00000cd4H .bss                    DATA
 0004:00000000 00000058H .rsrc$01                DATA
 0004:00000060 00000288H .rsrc$02                DATA

  Address         Publics by Value              Rva+Base     Lib:Object

 0001:00000000       _libVersionPoint           10001000 f   prvrsion.obj
 0001:00000010       __PR_Getfd                 10001010 f   prfdcach.obj
 0001:00000170       __PR_Putfd                 10001170 f   prfdcach.obj
 0001:00000250       _PR_SetFDCacheSize         10001250 f   prfdcach.obj
 0001:00000390       __PR_InitFdCache           10001390 f   prfdcach.obj
 0001:00000470       __PR_CleanupFdCache        10001470 f   prfdcach.obj
 0001:00000570       __PR_InitMW                10001570 f   prmwait.obj
 0001:000005c0       __PR_CleanupMW             100015c0 f   prmwait.obj
 0001:00000620       _PR_AddWaitFileDesc        10001620 f   prmwait.obj
 0001:00000a50       _PR_WaitRecvReady          10001a50 f   prmwait.obj
 0001:00001280       _PR_CancelWaitFileDesc     10002280 f   prmwait.obj
 0001:00001390       _PR_CancelWaitGroup        10002390 f   prmwait.obj
 0001:00001500       _PR_CreateWaitGroup        10002500 f   prmwait.obj
 0001:00001720       _PR_DestroyWaitGroup       10002720 f   prmwait.obj
 0001:000018d0       _PR_CreateMWaitEnumerator  100028d0 f   prmwait.obj
 0001:00001920       _PR_DestroyMWaitEnumerator 10002920 f   prmwait.obj
 0001:00001970       _PR_EnumerateWaitGroup     10002970 f   prmwait.obj
 0001:00001ad0       __PR_SocketGetSocketOption 10002ad0 f   prmapopt.obj
 0001:00001d20       __PR_SocketSetSocketOption 10002d20 f   prmapopt.obj
 0001:00001f00       __PR_MapOptionName         10002f00 f   prmapopt.obj
 0001:00001f70       __PR_InvalidInt            10002f70 f   priometh.obj
 0001:00001f70       __PR_InvalidStatus         10002f70 f   priometh.obj
 0001:00001f90       __PR_InvalidInt16          10002f90 f   priometh.obj
 0001:00001fb0       __PR_InvalidInt64          10002fb0 f   priometh.obj
 0001:00001fe0       __PR_InvalidDesc           10002fe0 f   priometh.obj
 0001:00002000       _PR_GetDescType            10003000 f   priometh.obj
 0001:00002010       _PR_Close                  10003010 f   priometh.obj
 0001:00002030       _PR_Read                   10003030 f   priometh.obj
 0001:00002050       _PR_Write                  10003050 f   priometh.obj
 0001:00002070       _PR_Seek                   10003070 f   priometh.obj
 0001:00002090       _PR_Seek64                 10003090 f   priometh.obj
 0001:000020b0       _PR_Available              100030b0 f   priometh.obj
 0001:000020d0       _PR_Available64            100030d0 f   priometh.obj
 0001:000020f0       _PR_GetOpenFileInfo        100030f0 f   priometh.obj
 0001:00002110       _PR_GetOpenFileInfo64      10003110 f   priometh.obj
 0001:00002130       _PR_Sync                   10003130 f   priometh.obj
 0001:00002150       _PR_Connect                10003150 f   priometh.obj
 0001:00002170       _PR_ConnectContinue        10003170 f   priometh.obj
 0001:00002190       _PR_Accept                 10003190 f   priometh.obj
 0001:000021b0       _PR_Bind                   100031b0 f   priometh.obj
 0001:000021d0       _PR_Shutdown               100031d0 f   priometh.obj
 0001:000021f0       _PR_Listen                 100031f0 f   priometh.obj
 0001:00002210       _PR_Recv                   10003210 f   priometh.obj
 0001:00002240       _PR_Send                   10003240 f   priometh.obj
 0001:00002270       _PR_Writev                 10003270 f   priometh.obj
 0001:000022b0       _PR_RecvFrom               100032b0 f   priometh.obj
 0001:000022e0       _PR_SendTo                 100032e0 f   priometh.obj
 0001:00002310       _PR_TransmitFile           10003310 f   priometh.obj
 0001:00002340       _PR_AcceptRead             10003340 f   priometh.obj
 0001:00002370       _PR_GetSockName            10003370 f   priometh.obj
 0001:00002390       _PR_GetPeerName            10003390 f   priometh.obj
 0001:000023b0       _PR_GetSocketOption        100033b0 f   priometh.obj
 0001:000023d0       _PR_SetSocketOption        100033d0 f   priometh.obj
 0001:000023f0       _PR_SendFile               100033f0 f   priometh.obj
 0001:00002410       _PR_EmulateAcceptRead      10003410 f   priometh.obj
 0001:000024e0       _PR_EmulateSendFile        100034e0 f   priometh.obj
 0001:00002890       __pr_ipv6_is_present       10003890 f   pripv6.obj
 0001:00002f40       __pr_push_ipv6toipv4_layer 10003f40 f   pripv6.obj
 0001:00002ff0       _pl_FDDestructor           10003ff0 f   prlayer.obj
 0001:000036e0       _PR_GetDefaultIOMethods    100046e0 f   prlayer.obj
 0001:000036f0       _PR_CreateIOLayerStub      100046f0 f   prlayer.obj
 0001:00003760       _PR_CreateIOLayer          10004760 f   prlayer.obj
 0001:00003810       _PR_PushIOLayer            10004810 f   prlayer.obj
 0001:000038f0       _PR_PopIOLayer             100048f0 f   prlayer.obj
 0001:00003a00       _PR_GetUniqueIdentity      10004a00 f   prlayer.obj
 0001:00003c20       _PR_GetNameForIdentity     10004c20 f   prlayer.obj
 0001:00003c70       _PR_GetLayersIdentity      10004c70 f   prlayer.obj
 0001:00003c90       _PR_GetIdentitiesLayer     10004c90 f   prlayer.obj
 0001:00003d10       __PR_InitLayerCache        10004d10 f   prlayer.obj
 0001:00003d40       __PR_CleanupLayerCache     10004d40 f   prlayer.obj
 0001:00003dd0       __PR_InitLog               10004dd0 f   prlog.obj
 0001:00004050       __PR_LogCleanup            10005050 f   prlog.obj
 0001:00004140       _PR_NewLogModule           10005140 f   prlog.obj
 0001:000042d0       _PR_SetLogFile             100052d0 f   prlog.obj
 0001:000043f0       _PR_SetLogBuffering        100053f0 f   prlog.obj
 0001:00004450       _PR_LogPrint               10005450 f   prlog.obj
 0001:00004a70       _PR_LogFlush               10005a70 f   prlog.obj
 0001:00004b70       _PR_Abort                  10005b70 f   prlog.obj
 0001:00004b90       _PR_Assert                 10005b90 f   prlog.obj
 0001:00004bf0       _PR_CreateFileMap          10005bf0 f   prmmap.obj
 0001:00004c70       _PR_GetMemMapAlignment     10005c70 f   prmmap.obj
 0001:00004c80       _PR_MemMap                 10005c80 f   prmmap.obj
 0001:00004ca0       _PR_MemUnmap               10005ca0 f   prmmap.obj
 0001:00004cc0       _PR_CloseFileMap           10005cc0 f   prmmap.obj
 0001:00004d10       _PR_NewPollableEvent       10005d10 f   prpolevt.obj
 0001:00004ee0       _PR_DestroyPollableEvent   10005ee0 f   prpolevt.obj
 0001:00004f00       _PR_SetPollableEvent       10005f00 f   prpolevt.obj
 0001:00004f30       _PR_WaitForPollableEvent   10005f30 f   prpolevt.obj
 0001:00004f70       _PR_sxprintf               10005f70 f   prprf.obj
 0001:00004fb0       _PR_vsxprintf              10005fb0 f   prprf.obj
 0001:00006980       _PR_smprintf               10007980 f   prprf.obj
 0001:000069b0       __PR_DestroySegment        100079b0 f   prprf.obj
 0001:000069b0       _PR_smprintf_free          100079b0 f   prprf.obj
 0001:000069d0       _PR_vsmprintf              100079d0 f   prprf.obj
 0001:00006b20       _PR_snprintf               10007b20 f   prprf.obj
 0001:00006b60       _PR_vsnprintf              10007b60 f   prprf.obj
 0001:00006c50       _PR_sprintf_append         10007c50 f   prprf.obj
 0001:00006c90       _PR_vsprintf_append        10007c90 f   prprf.obj
 0001:00006d30       _PR_sscanf                 10007d30 f   prscanf.obj
 0001:00008380       _PR_fprintf                10009380 f   prstdio.obj
 0001:000083c0       _PR_vfprintf               100093c0 f   prstdio.obj
 0001:00008430       __PR_InitCMon              10009430 f   prcmon.obj
 0001:000086d0       __PR_CleanupCMon           100096d0 f   prcmon.obj
 0001:000087b0       _PR_CEnterMonitor          100097b0 f   prcmon.obj
 0001:00008950       _PR_CExitMonitor           10009950 f   prcmon.obj
 0001:00008a80       _PR_CWait                  10009a80 f   prcmon.obj
 0001:00008af0       _PR_CNotify                10009af0 f   prcmon.obj
 0001:00008b60       _PR_CNotifyAll             10009b60 f   prcmon.obj
 0001:00008bd0       _PR_CSetOnMonitorRecycle   10009bd0 f   prcmon.obj
 0001:00008be0       _PR_NewRWLock              10009be0 f   prrwlock.obj
 0001:00008d80       _PR_DestroyRWLock          10009d80 f   prrwlock.obj
 0001:00008de0       _PR_RWLock_Rlock           10009de0 f   prrwlock.obj
 0001:00008e60       _PR_RWLock_Wlock           10009e60 f   prrwlock.obj
 0001:00008ed0       _PR_RWLock_Unlock          10009ed0 f   prrwlock.obj
 0001:00008f70       __PR_InitTPD               10009f70 f   prtpd.obj
 0001:00008fa0       _PR_NewThreadPrivateIndex  10009fa0 f   prtpd.obj
 0001:00009010       _PR_SetThreadPrivate       1000a010 f   prtpd.obj
 0001:00009160       _PR_GetThreadPrivate       1000a160 f   prtpd.obj
 0001:000091b0       __PR_DestroyThreadPrivate  1000a1b0 f   prtpd.obj
 0001:00009280       __PR_InitLinker            1000a280 f   prlink.obj
 0001:00009350       __PR_ShutdownLinker        1000a350 f   prlink.obj
 0001:00009390       _PR_SetLibraryPath         1000a390 f   prlink.obj
 0001:00009430       _PR_GetLibraryPath         1000a430 f   prlink.obj
 0001:000094f0       _PR_GetLibraryName         1000a4f0 f   prlink.obj
 0001:00009590       _PR_FreeLibraryName        1000a590 f   prlink.obj
 0001:000095b0       _PR_LoadLibraryWithFlags   1000a5b0 f   prlink.obj
 0001:00009620       _PR_LoadLibrary            1000a620 f   prlink.obj
 0001:00009a70       _PR_UnloadLibrary          1000aa70 f   prlink.obj
 0001:00009c60       _PR_FindSymbol             1000ac60 f   prlink.obj
 0001:00009db0       _PR_FindFunctionSymbol     1000adb0 f   prlink.obj
 0001:00009dd0       _PR_FindSymbolAndLibrary   1000add0 f   prlink.obj
 0001:00009ea0       _PR_FindFunctionSymbolAndLibrary 1000aea0 f   prlink.obj
 0001:00009ec0       _PR_LoadStaticLibrary      1000aec0 f   prlink.obj
 0001:00009fd0       _PR_GetLibraryFilePathname 1000afd0 f   prlink.obj
 0001:0000a100       _PR_Malloc                 1000b100 f   prmem.obj
 0001:0000a120       _PR_Calloc                 1000b120 f   prmem.obj
 0001:0000a140       _PR_Realloc                1000b140 f   prmem.obj
 0001:0000a160       _PR_Free                   1000b160 f   prmem.obj
 0001:0000a180       _PR_GetPageShift           1000b180 f   prosdep.obj
 0001:0000a2a0       _PR_GetPageSize            1000b2a0 f   prosdep.obj
 0001:0000a2c0       _PR_OpenSharedMemory       1000b2c0 f   prshm.obj
 0001:0000a2f0       _PR_AttachSharedMemory     1000b2f0 f   prshm.obj
 0001:0000a310       _PR_DetachSharedMemory     1000b310 f   prshm.obj
 0001:0000a330       _PR_CloseSharedMemory      1000b330 f   prshm.obj
 0001:0000a350       _PR_DeleteSharedMemory     1000b350 f   prshm.obj
 0001:0000a370       _PR_OpenAnonFileMap        1000b370 f   prshma.obj
 0001:0000a390       _PR_GetInheritedFileMap    1000b390 f   prshma.obj
 0001:0000a3c0       _PR_ExportFileMapAsString  1000b3c0 f   prshma.obj
 0001:0000a3e0       _PR_ImportFileMapFromString 1000b3e0 f   prshma.obj
 0001:0000a400       __PR_NewSegment            1000b400 f   prseg.obj
 0001:0000a460       _PR_CreateAlarm            1000b460 f   pralarm.obj
 0001:0000a800       _PR_DestroyAlarm           1000b800 f   pralarm.obj
 0001:0000a8a0       _PR_SetAlarm               1000b8a0 f   pralarm.obj
 0001:0000a990       _PR_ResetAlarm             1000b990 f   pralarm.obj
 0001:0000a9e0       _PR_AtomicIncrement        1000b9e0 f   pratom.obj
 0001:0000aa00       _PR_AtomicDecrement        1000ba00 f   pratom.obj
 0001:0000aa20       _PR_AtomicSet              1000ba20 f   pratom.obj
 0001:0000aa40       _PR_AtomicAdd              1000ba40 f   pratom.obj
 0001:0000aa60       _PR_CreateStack            1000ba60 f   pratom.obj
 0001:0000ab70       _PR_DestroyStack           1000bb70 f   pratom.obj
 0001:0000abd0       _PR_StackPush              1000bbd0 f   pratom.obj
 0001:0000ac10       _PR_StackPop               1000bc10 f   pratom.obj
 0001:0000ac60       _PR_CreateCounter          1000bc60 f   prcountr.obj
 0001:0000af90       _PR_DestroyCounter         1000bf90 f   prcountr.obj
 0001:0000b0d0       _PR_GetCounterHandleFromName 1000c0d0 f   prcountr.obj
 0001:0000b270       _PR_GetCounterNameFromHandle 1000c270 f   prcountr.obj
 0001:0000b2f0       _PR_IncrementCounter       1000c2f0 f   prcountr.obj
 0001:0000b350       _PR_DecrementCounter       1000c350 f   prcountr.obj
 0001:0000b3b0       _PR_AddToCounter           1000c3b0 f   prcountr.obj
 0001:0000b410       _PR_SubtractFromCounter    1000c410 f   prcountr.obj
 0001:0000b470       _PR_GetCounter             1000c470 f   prcountr.obj
 0001:0000b4b0       _PR_SetCounter             1000c4b0 f   prcountr.obj
 0001:0000b4f0       _PR_FindNextCounterQname   1000c4f0 f   prcountr.obj
 0001:0000b570       _PR_FindNextCounterRname   1000c570 f   prcountr.obj
 0001:0000b600       __PR_InitDtoa              1000c600 f   prdtoa.obj
 0001:0000b620       __PR_CleanupDtoa           1000c620 f   prdtoa.obj
 0001:0000b660       _PR_strtod                 1000c660 f   prdtoa.obj
 0001:0000da10       _PR_dtoa                   1000ea10 f   prdtoa.obj
 0001:0000f060       _PR_cnvtf                  10010060 f   prdtoa.obj
 0001:0000f370       __PR_InitEnv               10010370 f   prenv.obj
 0001:0000f380       __PR_CleanupEnv            10010380 f   prenv.obj
 0001:0000f3b0       _PR_GetEnv                 100103b0 f   prenv.obj
 0001:0000f410       _PR_SetEnv                 10010410 f   prenv.obj
 0001:0000f490       _nspr_InitializePRErrorTable 10010490 f   prerr.obj
 0001:0000f4b0       _PR_GetError               100104b0 f   prerror.obj
 0001:0000f4d0       _PR_GetOSError             100104d0 f   prerror.obj
 0001:0000f4f0       _PR_SetError               100104f0 f   prerror.obj
 0001:0000f520       _PR_SetErrorText           10010520 f   prerror.obj
 0001:0000f610       _PR_GetErrorTextLength     10010610 f   prerror.obj
 0001:0000f630       _PR_GetErrorText           10010630 f   prerror.obj
 0001:0000f680       _PR_ErrorToString          10010680 f   prerrortable.obj
 0001:0000f930       _PR_ErrorToName            10010930 f   prerrortable.obj
 0001:0000f9a0       _PR_ErrorLanguages         100109a0 f   prerrortable.obj
 0001:0000f9b0       _PR_ErrorInstallTable      100109b0 f   prerrortable.obj
 0001:0000fa30       _PR_ErrorInstallCallback   10010a30 f   prerrortable.obj
 0001:0000faa0       _PR_VersionCheck           10010aa0 f   prinit.obj
 0001:0000fc50       _PR_GetVersion             10010c50 f   prinit.obj
 0001:0000fc60       _PR_Initialized            10010c60 f   prinit.obj
 0001:0000fc70       __PR_ImplicitInitialization 10010c70 f   prinit.obj
 0001:0000fdf0       _PR_DisableClockInterrupts 10010df0 f   prinit.obj
 0001:0000fe10       _PR_EnableClockInterrupts  10010e10 f   prinit.obj
 0001:0000fe30       _PR_Init                   10010e30 f   prinit.obj
 0001:0000fe40       _PR_Initialize             10010e40 f   prinit.obj
 0001:0000fe70       _PR_Cleanup                10010e70 f   prinit.obj
 0001:00010060       _PR_ProcessExit            10011060 f   prinit.obj
 0001:00010080       _PR_NewProcessAttr         10011080 f   prinit.obj
 0001:000100b0       _PR_ResetProcessAttr       100110b0 f   prinit.obj
 0001:00010110       _PR_DestroyProcessAttr     10011110 f   prinit.obj
 0001:00010170       _PR_ProcessAttrSetStdioRedirect 10011170 f   prinit.obj
 0001:000101b0       _PR_SetStdioRedirect       100111b0 f   prinit.obj
 0001:000101d0       _PR_ProcessAttrSetCurrentDirectory 100111d0 f   prinit.obj
 0001:00010280       _PR_ProcessAttrSetInheritableFD 10011280 f   prinit.obj
 0001:00010450       _PR_GetInheritedFD         10011450 f   prinit.obj
 0001:00010620       _PR_CreateProcess          10011620 f   prinit.obj
 0001:00010640       _PR_CreateProcessDetached  10011640 f   prinit.obj
 0001:000106a0       _PR_DetachProcess          100116a0 f   prinit.obj
 0001:000106c0       _PR_WaitProcess            100116c0 f   prinit.obj
 0001:000106e0       _PR_KillProcess            100116e0 f   prinit.obj
 0001:00010730       __PR_CleanupCallOnce       10011730 f   prinit.obj
 0001:00010770       _PR_CallOnce               10011770 f   prinit.obj
 0001:00010840       _PR_CallOnceWithArg        10011840 f   prinit.obj
 0001:00010920       __PR_InitClock             10011920 f   prinrval.obj
 0001:00010930       _PR_IntervalNow            10011930 f   prinrval.obj
 0001:00010950       _PR_TicksPerSecond         10011950 f   prinrval.obj
 0001:00010970       _PR_SecondsToInterval      10011970 f   prinrval.obj
 0001:00010980       _PR_MillisecondsToInterval 10011980 f   prinrval.obj
 0001:00010a10       _PR_MicrosecondsToInterval 10011a10 f   prinrval.obj
 0001:00010aa0       _PR_IntervalToSeconds      10011aa0 f   prinrval.obj
 0001:00010ac0       _PR_IntervalToMilliseconds 10011ac0 f   prinrval.obj
 0001:00010b60       _PR_IntervalToMicroseconds 10011b60 f   prinrval.obj
 0001:00010c00       __PR_MakeNativeIPCName     10011c00 f   pripc.obj
 0001:00010cc0       _PR_CeilingLog2            10011cc0 f   prlog2.obj
 0001:00010d80       _PR_FloorLog2              10011d80 f   prlog2.obj
 0001:00010e30       _LL_Zero                   10011e30 f   prlong.obj
 0001:00010e40       _LL_MaxInt                 10011e40 f   prlong.obj
 0001:00010e50       _LL_MinInt                 10011e50 f   prlong.obj
 0001:00010e60       _LL_MaxUint                10011e60 f   prlong.obj
 0001:00010e70       __PR_InitNet               10011e70 f   prnetdb.obj
 0001:00010e80       __PR_CleanupNet            10011e80 f   prnetdb.obj
 0001:00010eb0       _PR_GetHostByName          10011eb0 f   prnetdb.obj
 0001:00011380       _PR_GetIPNodeByName        10012380 f   prnetdb.obj
 0001:00011450       _PR_GetHostByAddr          10012450 f   prnetdb.obj
 0001:00011640       _PR_GetProtoByName         10012640 f   prnetdb.obj
 0001:000118a0       _PR_GetProtoByNumber       100128a0 f   prnetdb.obj
 0001:00011970       _PR_EnumerateHostEnt       10012970 f   prnetdb.obj
 0001:00011a50       _PR_InitializeNetAddr      10012a50 f   prnetdb.obj
 0001:00011b00       _PR_SetNetAddr             10012b00 f   prnetdb.obj
 0001:00011c90       _PR_IsNetAddrType          10012c90 f   prnetdb.obj
 0001:00011eb0       _PR_ConvertIPv4AddrToIPv6  10012eb0 f   prnetdb.obj
 0001:00011ef0       _PR_ntohs                  10012ef0 f   prnetdb.obj
 0001:00011f00       _PR_ntohl                  10012f00 f   prnetdb.obj
 0001:00011f10       _PR_htons                  10012f10 f   prnetdb.obj
 0001:00011f20       _PR_htonl                  10012f20 f   prnetdb.obj
 0001:00011f30       _PR_ntohll                 10012f30 f   prnetdb.obj
 0001:00011fc0       _PR_htonll                 10012fc0 f   prnetdb.obj
 0001:00012050       __pr_find_getaddrinfo      10013050 f   prnetdb.obj
 0001:00012130       _PR_GetAddrInfoByName      10013130 f   prnetdb.obj
 0001:000122b0       _PR_FreeAddrInfo           100132b0 f   prnetdb.obj
 0001:000122e0       _PR_EnumerateAddrInfo      100132e0 f   prnetdb.obj
 0001:00012400       _PR_GetCanonNameFromAddrInfo 10013400 f   prnetdb.obj
 0001:00012450       _PR_StringToNetAddr        10013450 f   prnetdb.obj
 0001:00012ad0       _PR_NetAddrToString        10013ad0 f   prnetdb.obj
 0001:000134a0       _pr_inet_aton              100144a0 f   praton.obj
 0001:000137c0       _PR_AttachThreadGCAble     100147c0 f   prolock.obj
 0001:000137c0       _PR_CreateOrderedLock      100147c0 f   prolock.obj
 0001:000137e0       _PR_DestroyOrderedLock     100147e0 f   prolock.obj
 0001:000137e0       _PR_LockOrderedLock        100147e0 f   prolock.obj
 0001:00013800       _PR_SetSysfdTableSize      10014800 f   prolock.obj
 0001:00013800       __PR_MD_TLOCKFILE          10014800 f   prolock.obj
 0001:00013800       _PR_UnlockOrderedLock      10014800 f   prolock.obj
 0001:00013800       _PR_ProcessAttrSetInheritableFileMap 10014800 f   prolock.obj
 0001:00013820       _PR_GetRandomNoise         10014820 f   prrng.obj
 0001:00013840       _PR_GetDirectorySeparator  10014840 f   prsystem.obj
 0001:00013850       _PR_GetDirectorySepartor   10014850 f   prsystem.obj
 0001:00013860       _PR_GetPathSeparator       10014860 f   prsystem.obj
 0001:00013870       _PR_GetSystemInfo          10014870 f   prsystem.obj
 0001:00013990       _PR_GetNumberOfProcessors  10014990 f   prsystem.obj
 0001:000139b0       _PR_GetPhysicalMemorySize  100149b0 f   prsystem.obj
 0001:00013a50       _PR_GetGCRegisters         10014a50 f   prthinfo.obj
 0001:00013a70       _PR_ThreadScanStackPointers 10014a70 f   prthinfo.obj
 0001:00013ba0       _PR_ScanStackPointers      10014ba0 f   prthinfo.obj
 0001:00013c00       _PR_GetStackSpaceLeft      10014c00 f   prthinfo.obj
 0001:00013c50       _PR_CreateThreadPool       10014c50 f   prtpool.obj
 0001:00014ce0       _PR_QueueJob               10015ce0 f   prtpool.obj
 0001:00014dc0       _PR_QueueJob_Read          10015dc0 f   prtpool.obj
 0001:00015050       _PR_QueueJob_Write         10016050 f   prtpool.obj
 0001:00015080       _PR_QueueJob_Accept        10016080 f   prtpool.obj
 0001:000150b0       _PR_QueueJob_Connect       100160b0 f   prtpool.obj
 0001:00015140       _PR_QueueJob_Timer         10016140 f   prtpool.obj
 0001:00015310       _PR_CancelJob              10016310 f   prtpool.obj
 0001:00015590       _PR_JoinJob                10016590 f   prtpool.obj
 0001:00015600       _PR_ShutdownThreadPool     10016600 f   prtpool.obj
 0001:00015650       _PR_JoinThreadPool         10016650 f   prtpool.obj
 0001:000159c0       _PR_CreateTrace            100169c0 f   prtrace.obj
 0001:00015e90       _PR_DestroyTrace           10016e90 f   prtrace.obj
 0001:00015fd0       _PR_Trace                  10016fd0 f   prtrace.obj
 0001:00016130       _PR_SetTraceOption         10017130 f   prtrace.obj
 0001:00016460       _PR_GetTraceOption         10017460 f   prtrace.obj
 0001:000164d0       _PR_GetTraceHandleFromName 100174d0 f   prtrace.obj
 0001:00016670       _PR_GetTraceNameFromHandle 10017670 f   prtrace.obj
 0001:000166f0       _PR_FindNextTraceQname     100176f0 f   prtrace.obj
 0001:00016770       _PR_FindNextTraceRname     10017770 f   prtrace.obj
 0001:00016800       _PR_RecordTraceEntries     10017800 f   prtrace.obj
 0001:00016cf0       _PR_GetTraceEntries        10017cf0 f   prtrace.obj
 0001:00016f20       _PR_ExplodeTime            10017f20 f   prtime.obj
 0001:00017260       _PR_ImplodeTime            10018260 f   prtime.obj
 0001:000176d0       _PR_NormalizeTime          100186d0 f   prtime.obj
 0001:00017b10       __PR_InitTime              10018b10 f   prtime.obj
 0001:00017b20       __PR_CleanupTime           10018b20 f   prtime.obj
 0001:00017b50       _PR_LocalTimeParameters    10018b50 f   prtime.obj
 0001:00017df0       _PR_USPacificTimeParameters 10018df0 f   prtime.obj
 0001:00017fe0       _PR_GMTParameters          10018fe0 f   prtime.obj
 0001:00018000       _PR_ParseTimeStringToExplodedTime 10019000 f   prtime.obj
 0001:00019830       _PR_ParseTimeString        1001a830 f   prtime.obj
 0001:00019880       _PR_FormatTime             1001a880 f   prtime.obj
 0001:00019940       _PR_FormatTimeUSEnglish    1001a940 f   prtime.obj
 0001:0001a860       _PR_OpenDir                1001b860 f   prdir.obj
 0001:0001a8d0       _PR_ReadDir                1001b8d0 f   prdir.obj
 0001:0001a900       _PR_CloseDir               1001b900 f   prdir.obj
 0001:0001a950       _PR_MkDir                  1001b950 f   prdir.obj
 0001:0001a980       _PR_MakeDir                1001b980 f   prdir.obj
 0001:0001a9c0       _PR_RmDir                  1001b9c0 f   prdir.obj
 0001:0001af40       _PR_GetFileMethods         1001bf40 f   prfile.obj
 0001:0001af50       _PR_GetPipeMethods         1001bf50 f   prfile.obj
 0001:0001af60       _PR_Open                   1001bf60 f   prfile.obj
 0001:0001aff0       _PR_OpenFile               1001bff0 f   prfile.obj
 0001:0001b080       _PR_GetSysfdTableMax       1001c080 f   prfile.obj
 0001:0001b090       _PR_Delete                 1001c090 f   prfile.obj
 0001:0001b0c0       _PR_GetFileInfo            1001c0c0 f   prfile.obj
 0001:0001b0f0       _PR_GetFileInfo64          1001c0f0 f   prfile.obj
 0001:0001b130       _PR_Rename                 1001c130 f   prfile.obj
 0001:0001b160       _PR_Access                 1001c160 f   prfile.obj
 0001:0001b190       _PR_ImportFile             1001c190 f   prfile.obj
 0001:0001b1f0       _PR_ImportPipe             1001c1f0 f   prfile.obj
 0001:0001b250       _PR_Stat                   1001c250 f   prfile.obj
 0001:0001b270       _PR_LockFile               1001c270 f   prfile.obj
 0001:0001b340       _PR_TLockFile              1001c340 f   prfile.obj
 0001:0001b3c0       _PR_UnlockFile             1001c3c0 f   prfile.obj
 0001:0001b440       _PR_CreatePipe             1001c440 f   prfile.obj
 0001:0001b540       __PR_InitIO                1001c540 f   prio.obj
 0001:0001b600       __PR_CleanupIO             1001c600 f   prio.obj
 0001:0001b6a0       _PR_GetSpecialFD           1001c6a0 f   prio.obj
 0001:0001b710       _PR_AllocFileDesc          1001c710 f   prio.obj
 0001:0001b760       _PR_FreeFileDesc           1001c760 f   prio.obj
 0001:0001b780       _PR_Poll                   1001c780 f   prio.obj
 0001:0001b7a0       _PR_SetFDInheritable       1001c7a0 f   prio.obj
 0001:0001ba70       _PR_ImportTCPSocket        1001ca70 f   prsocket.obj
 0001:0001bad0       _PR_ImportUDPSocket        1001cad0 f   prsocket.obj
 0001:0001bb30       _PR_CreateSocketPollFd     1001cb30 f   prsocket.obj
 0001:0001bba0       _PR_DestroySocketPollFd    1001cba0 f   prsocket.obj
 0001:0001bd70       _PR_GetConnectStatus       1001cd70 f   prsocket.obj
 0001:0001c750       _PR_GetTCPMethods          1001d750 f   prsocket.obj
 0001:0001c760       _PR_GetUDPMethods          1001d760 f   prsocket.obj
 0001:0001c780       __pr_test_ipv6_socket      1001d780 f   prsocket.obj
 0001:0001c7c0       _PR_Socket                 1001d7c0 f   prsocket.obj
 0001:0001c8d0       _PR_NewTCPSocket           1001d8d0 f   prsocket.obj
 0001:0001c8f0       _PR_NewUDPSocket           1001d8f0 f   prsocket.obj
 0001:0001c910       _PR_OpenTCPSocket          1001d910 f   prsocket.obj
 0001:0001c930       _PR_OpenUDPSocket          1001d930 f   prsocket.obj
 0001:0001c950       _PR_NewTCPSocketPair       1001d950 f   prsocket.obj
 0001:0001caf0       _PR_FileDesc2NativeHandle  1001daf0 f   prsocket.obj
 0001:0001cb30       _PR_ChangeFileDescNativeHandle 1001db30 f   prsocket.obj
 0001:0001cb50       _PR_FD_ZERO                1001db50 f   prsocket.obj
 0001:0001cb70       _PR_FD_SET                 1001db70 f   prsocket.obj
 0001:0001cba0       _PR_FD_CLR                 1001dba0 f   prsocket.obj
 0001:0001cc20       _PR_FD_ISSET               1001dc20 f   prsocket.obj
 0001:0001cc60       _PR_FD_NSET                1001dc60 f   prsocket.obj
 0001:0001cc90       _PR_FD_NCLR                1001dc90 f   prsocket.obj
 0001:0001cd30       _PR_FD_NISSET              1001dd30 f   prsocket.obj
 0001:0001cd80       _PR_Select                 1001dd80 f   prsocket.obj
 0001:0001d1e0       _PR_OpenSemaphore          1001e1e0 f   pripcsem.obj
 0001:0001d240       _PR_WaitSemaphore          1001e240 f   pripcsem.obj
 0001:0001d260       _PR_PostSemaphore          1001e260 f   pripcsem.obj
 0001:0001d280       _PR_CloseSemaphore         1001e280 f   pripcsem.obj
 0001:0001d2a0       _PR_DeleteSemaphore        1001e2a0 f   pripcsem.obj
 0001:0001d2f0       __PR_CleanupThread         1001e2f0 f   prcthr.obj
 0001:0001d380       _PR_Yield                  1001e380 f   prcthr.obj
 0001:0001d3b0       _PR_Sleep                  1001e3b0 f   prcthr.obj
 0001:0001d4f0       _PR_GetThreadID            1001e4f0 f   prcthr.obj
 0001:0001d500       _PR_GetThreadPriority      1001e500 f   prcthr.obj
 0001:0001d510       _PR_GetCurrentThread       1001e510 f   prcthr.obj
 0001:0001d530       _PR_Interrupt              1001e530 f   prcthr.obj
 0001:0001d5c0       _PR_ClearInterrupt         1001e5c0 f   prcthr.obj
 0001:0001d5f0       _PR_BlockInterrupt         1001e5f0 f   prcthr.obj
 0001:0001d620       _PR_UnblockInterrupt       1001e620 f   prcthr.obj
 0001:0001d650       _PR_GetSP                  1001e650 f   prcthr.obj
 0001:0001d660       _GetExecutionEnvironment   1001e660 f   prcthr.obj
 0001:0001d670       _SetExecutionEnvironment   1001e670 f   prcthr.obj
 0001:0001d680       __MD_DeleteSharedMemory    1001e680 f   prcthr.obj
 0001:0001d680       _PR_SetCPUAffinityMask     1001e680 f   prcthr.obj
 0001:0001d680       _PR_GetThreadAffinityMask  1001e680 f   prcthr.obj
 0001:0001d680       _PR_SetThreadAffinityMask  1001e680 f   prcthr.obj
 0001:0001d680       __PR_Obsolete              1001e680 f   prcthr.obj
 0001:0001d690       _PR_SetThreadRecycleMode   1001e690 f   prcthr.obj
 0001:0001d6a0       _PR_CreateThreadGCAble     1001e6a0 f   prcthr.obj
 0001:0001d6d0       _PR_SetThreadGCAble        1001e6d0 f   prcthr.obj
 0001:0001d720       _PR_ClearThreadGCAble      1001e720 f   prcthr.obj
 0001:0001d770       _PR_GetThreadScope         1001e770 f   prcthr.obj
 0001:0001d7b0       _PR_GetThreadType          1001e7b0 f   prcthr.obj
 0001:0001d7d0       _PR_GetThreadState         1001e7d0 f   prcthr.obj
 0001:0001d7f0       __PR_DumpPrintf            1001e7f0 f   prdump.obj
 0001:0001d840       __PR_DumpThread            1001e840 f   prdump.obj
 0001:0001d870       __PR_DumpThreads           1001e870 f   prdump.obj
 0001:0001d990       _PR_ShowStatus             1001e990 f   prdump.obj
 0001:0001d9c0       _PR_SetThreadDumpProc      1001e9c0 f   prdump.obj
 0001:0001d9e0       _PR_NewMonitor             1001e9e0 f   prmon.obj
 0001:0001da80       _PR_NewNamedMonitor        1001ea80 f   prmon.obj
 0001:0001dab0       _PR_DestroyMonitor         1001eab0 f   prmon.obj
 0001:0001daf0       _PR_EnterMonitor           1001eaf0 f   prmon.obj
 0001:0001db40       _PR_TestAndEnterMonitor    1001eb40 f   prmon.obj
 0001:0001dba0       _PR_ExitMonitor            1001eba0 f   prmon.obj
 0001:0001dbf0       _PR_GetMonitorEntryCount   1001ebf0 f   prmon.obj
 0001:0001dc30       _PR_Wait                   1001ec30 f   prmon.obj
 0001:0001dca0       _PR_Notify                 1001eca0 f   prmon.obj
 0001:0001dce0       _PR_NotifyAll              1001ece0 f   prmon.obj
 0001:0001dd20       _PR_NewSem                 1001ed20 f   prsem.obj
 0001:0001ddb0       _PR_DestroySem             1001edb0 f   prsem.obj
 0001:0001ddf0       _PR_WaitSem                1001edf0 f   prsem.obj
 0001:0001de80       _PR_PostSem                1001ee80 f   prsem.obj
 0001:0001ded0       __PR_GetPrimordialCPU      1001eed0 f   prucpu.obj
 0001:0001df00       __PR_NotifyThread          1001ef00 f   prucv.obj
 0001:0001dfe0       __PR_WaitCondVar           1001efe0 f   prucv.obj
 0001:0001e0e0       __PR_NotifyCondVar         1001f0e0 f   prucv.obj
 0001:0001e100       _PR_NewCondVar             1001f100 f   prucv.obj
 0001:0001e1e0       _PR_DestroyCondVar         1001f1e0 f   prucv.obj
 0001:0001e220       _PR_WaitCondVar            1001f220 f   prucv.obj
 0001:0001e260       _PR_NotifyCondVar          1001f260 f   prucv.obj
 0001:0001e2a0       _PR_NotifyAllCondVar       1001f2a0 f   prucv.obj
 0001:0001e2e0       _PRP_NewNakedCondVar       1001f2e0 f   prucv.obj
 0001:0001e360       _PRP_DestroyNakedCondVar   1001f360 f   prucv.obj
 0001:0001e390       _PRP_NakedWait             1001f390 f   prucv.obj
 0001:0001e3c0       _PRP_NakedNotify           1001f3c0 f   prucv.obj
 0001:0001e3f0       _PRP_NakedBroadcast        1001f3f0 f   prucv.obj
 0001:0001e480       __PR_InitLocks             1001f480 f   prulock.obj
 0001:0001e490       __PR_UnblockLockWaiter     1001f490 f   prulock.obj
 0001:0001e560       _PR_NewLock                1001f560 f   prulock.obj
 0001:0001e600       _PR_DestroyLock            1001f600 f   prulock.obj
 0001:0001e630       _PR_Lock                   1001f630 f   prulock.obj
 0001:0001e660       _PR_Unlock                 1001f660 f   prulock.obj
 0001:0001e6a0       _PR_AssertCurrentThreadOwnsLock 1001f6a0 f   prulock.obj
 0001:0001e6b0       _PR_TestAndLock            1001f6b0 f   prulock.obj
 0001:0001e700       _PRP_TryLock               1001f700 f   prulock.obj
 0001:0001e720       __PR_InitStacks            1001f720 f   prustack.obj
 0001:0001e730       __PR_CleanupStacks         1001f730 f   prustack.obj
 0001:0001e760       __PR_NewStack              1001f760 f   prustack.obj
 0001:0001ea30       __PR_FreeStack             1001fa30 f   prustack.obj
 0001:0001ead0       __PR_InitThreads           1001fad0 f   pruthr.obj
 0001:0001ecf0       __PR_CleanupThreads        1001fcf0 f   pruthr.obj
 0001:0001ed80       __PR_NotifyJoinWaiters     1001fd80 f   pruthr.obj
 0001:0001ede0       __PR_RecycleThread         1001fde0 f   pruthr.obj
 0001:0001eef0       __PR_NativeDestroyThread   1001fef0 f   pruthr.obj
 0001:0001efb0       __PR_UserDestroyThread     1001ffb0 f   pruthr.obj
 0001:0001f040       __PR_NativeRunThread       10020040 f   pruthr.obj
 0001:0001f2e0       __PR_SetThreadPriority     100202e0 f   pruthr.obj
 0001:0001f4a0       __PR_NativeCreateThread    100204a0 f   pruthr.obj
 0001:0001f690       __PR_CreateThread          10020690 f   pruthr.obj
 0001:0001fee0       _PR_CreateThread           10020ee0 f   pruthr.obj
 0001:0001ff10       __PRI_AttachThread         10020f10 f   pruthr.obj
 0001:000200d0       _PR_AttachThread           100210d0 f   pruthr.obj
 0001:000200e0       _PR_AssertCurrentThreadInMonitor 100210e0 f   pruthr.obj
 0001:000200e0       __PR_InitSegs              100210e0 f   pruthr.obj
 0001:000200e0       _PT_FPrintStats            100210e0 f   pruthr.obj
 0001:000200e0       _PR_DetachThread           100210e0 f   pruthr.obj
 0001:000200e0       _PR_SetConcurrency         100210e0 f   pruthr.obj
 0001:000200e0       __PR_MD_INTERVAL_INIT      100210e0 f   pruthr.obj
 0001:000200e0       __PR_CleanupTPD            100210e0 f   pruthr.obj
 0001:000200e0       __PR_InitRWLocks           100210e0 f   pruthr.obj
 0001:000200e0       __MD_MakeNonblock          100210e0 f   pruthr.obj
 0001:000200e0       _PR_BlockClockInterrupts   100210e0 f   pruthr.obj
 0001:000200e0       __PR_InitAtomic            100210e0 f   pruthr.obj
 0001:000200e0       _PR_UnblockClockInterrupts 100210e0 f   pruthr.obj
 0001:000200f0       __PRI_DetachThread         100210f0 f   pruthr.obj
 0001:000201b0       _PR_JoinThread             100211b0 f   pruthr.obj
 0001:00020260       _PR_SetThreadPriority      10021260 f   pruthr.obj
 0001:000202c0       _PR_SetCurrentThreadName   100212c0 f   pruthr.obj
 0001:00020370       _PR_GetThreadName          10021370 f   pruthr.obj
 0001:00020390       _PR_SuspendAll             10021390 f   pruthr.obj
 0001:000204f0       _PR_ResumeAll              100214f0 f   pruthr.obj
 0001:000206f0       _PR_EnumerateThreads       100216f0 f   pruthr.obj
 0001:000207e0       __PR_AddSleepQ             100217e0 f   pruthr.obj
 0001:00020a10       __PR_DelSleepQ             10021a10 f   pruthr.obj
 0001:00020b60       __PR_AddThreadToRunQ       10021b60 f   pruthr.obj
 0001:00020bb0       __PR_MD_GET_ENV            10021bb0 f   ntmisc.obj
 0001:00020bd0       __PR_MD_PUT_ENV            10021bd0 f   ntmisc.obj
 0001:00020bf0       _PR_Now                    10021bf0 f   ntmisc.obj
 0001:00020c30       __PR_CreateWindowsProcess  10021c30 f   ntmisc.obj
 0001:000214c0       __PR_DetachWindowsProcess  100224c0 f   ntmisc.obj
 0001:000214f0       __PR_WaitWindowsProcess    100224f0 f   ntmisc.obj
 0001:00021580       __PR_KillWindowsProcess    10022580 f   ntmisc.obj
 0001:000215c0       __MD_WindowsGetHostName    100225c0 f   ntmisc.obj
 0001:00021600       __MD_WindowsGetSysInfo     10022600 f   ntmisc.obj
 0001:00021780       __MD_CreateFileMap         10022780 f   ntmisc.obj
 0001:00021860       __MD_GetMemMapAlignment    10022860 f   ntmisc.obj
 0001:00021880       __MD_MemMap                10022880 f   ntmisc.obj
 0001:00021930       __MD_MemUnmap              10022930 f   ntmisc.obj
 0001:00021960       __MD_CloseFileMap          10022960 f   ntmisc.obj
 0001:00021990       __PR_MD_ATOMIC_INCREMENT   10022990 f   ntmisc.obj
 0001:000219b0       __PR_MD_ATOMIC_DECREMENT   100229b0 f   ntmisc.obj
 0001:000219d0       __PR_MD_ATOMIC_ADD         100229d0 f   ntmisc.obj
 0001:000219f0       __PR_NT_InitSids           100229f0 f   ntsec.obj
 0001:00021b70       __PR_NT_FreeSids           10022b70 f   ntsec.obj
 0001:00021bc0       __PR_NT_MakeSecurityDescriptorACL 10022bc0 f   ntsec.obj
 0001:00021f00       __PR_NT_FreeSecurityDescriptorACL 10022f00 f   ntsec.obj
 0001:00021f30       __PR_MD_GET_INTERVAL       10022f30 f   ntinrval.obj
 0001:00021f40       __PR_MD_INTERVAL_PER_SEC   10022f40 f   ntinrval.obj
 0001:00021f50       __MD_HomeGCRegisters       10022f50 f   ntgc.obj
 0001:00022030       __PR_MD_EARLY_INIT         10023030 f   w95thred.obj
 0001:00022060       __PR_MD_CLEANUP_BEFORE_EXIT 10023060 f   w95thred.obj
 0001:000220a0       __PR_MD_INIT_THREAD        100230a0 f   w95thred.obj
 0001:00022110       __PR_MD_CREATE_THREAD      10023110 f   w95thred.obj
 0001:000221e0       __PR_MD_YIELD              100231e0 f   w95thred.obj
 0001:000221f0       __PR_MD_SET_PRIORITY       100231f0 f   w95thred.obj
 0001:000222a0       __PR_MD_SET_CURRENT_THREAD_NAME 100232a0 f   w95thred.obj
 0001:00022340       __PR_MD_CLEAN_THREAD       10023340 f   w95thred.obj
 0001:000223a0       __PR_MD_EXIT_THREAD        100233a0 f   w95thred.obj
 0001:000223c0       __PR_MD_EXIT               100233c0 f   w95thred.obj
 0001:000223d0       __PR_MD_SUSPEND_THREAD     100233d0 f   w95thred.obj
 0001:00022400       __PR_MD_RESUME_THREAD      10023400 f   w95thred.obj
 0001:00022430       __MD_CURRENT_THREAD        10023430 f   w95thred.obj
 0001:00022470       __PR_MD_INIT_IO            10023470 f   w95io.obj
 0001:000224b0       __PR_MD_WAIT               100234b0 f   w95io.obj
 0001:00022560       __PR_MD_WAKEUP_WAITER      10023560 f   w95io.obj
 0001:00022590       __PR_MD_OPEN               10023590 f   w95io.obj
 0001:000226a0       __PR_MD_OPEN_FILE          100236a0 f   w95io.obj
 0001:00022820       __PR_MD_READ               10023820 f   w95io.obj
 0001:00022880       __PR_MD_WRITE              10023880 f   w95io.obj
 0001:000228d0       __PR_MD_LSEEK              100238d0 f   w95io.obj
 0001:00022960       __PR_MD_LSEEK64            10023960 f   w95io.obj
 0001:00022a20       __PR_MD_FSYNC              10023a20 f   w95io.obj
 0001:00022a70       __MD_CloseFile             10023a70 f   w95io.obj
 0001:00022ab0       __PR_MD_CLOSE_DIR          10023ab0 f   w95io.obj
 0001:00022b10       __PR_MD_OPEN_DIR           10023b10 f   w95io.obj
 0001:00022cc0       __PR_MD_READ_DIR           10023cc0 f   w95io.obj
 0001:00022dd0       __PR_MD_DELETE             10023dd0 f   w95io.obj
 0001:00022e00       __PR_FileTimeToPRTime      10023e00 f   w95io.obj
 0001:00022e40       __PR_MD_STAT               10023e40 f   w95io.obj
 0001:00022fc0       __PR_MD_GETFILEINFO64      10023fc0 f   w95io.obj
 0001:000230c0       __PR_MD_GETFILEINFO        100240c0 f   w95io.obj
 0001:00023120       __PR_MD_GETOPENFILEINFO64  10024120 f   w95io.obj
 0001:000231e0       __PR_MD_GETOPENFILEINFO    100241e0 f   w95io.obj
 0001:00023240       __PR_MD_SET_FD_INHERITABLE 10024240 f   w95io.obj
 0001:00023290       __PR_MD_INIT_FD_INHERITABLE 10024290 f   w95io.obj
 0001:000232c0       __PR_MD_QUERY_FD_INHERITABLE 100242c0 f   w95io.obj
 0001:00023310       __PR_MD_RENAME             10024310 f   w95io.obj
 0001:00023340       __PR_MD_ACCESS             10024340 f   w95io.obj
 0001:000233d0       __PR_MD_MKDIR              100243d0 f   w95io.obj
 0001:00023400       __PR_MD_MAKE_DIR           10024400 f   w95io.obj
 0001:000234a0       __PR_MD_RMDIR              100244a0 f   w95io.obj
 0001:000234d0       __PR_MD_LOCKFILE           100244d0 f   w95io.obj
 0001:00023540       __PR_MD_UNLOCKFILE         10024540 f   w95io.obj
 0001:00023580       __PR_MD_PIPEAVAILABLE      10024580 f   w95io.obj
 0001:000235b0       __PR_MD_NEW_CV             100245b0 f   w95cv.obj
 0001:000235c0       __PR_MD_FREE_CV            100245c0 f   w95cv.obj
 0001:000235d0       __PR_MD_WAIT_CV            100245d0 f   w95cv.obj
 0001:00023a90       __PR_MD_NOTIFY_CV          10024a90 f   w95cv.obj
 0001:00023bc0       __PR_MD_NOTIFYALL_CV       10024bc0 f   w95cv.obj
 0001:00023be0       __PR_MD_INIT_LOCKS         10024be0 f   w95cv.obj
 0001:00023c20       __PR_MD_NEW_LOCK           10024c20 f   w95cv.obj
 0001:00023cb0       __PR_MD_UNLOCK             10024cb0 f   w95cv.obj
 0001:00023ce0       __PR_MD_InitSockets        10024ce0 f   w95sock.obj
 0001:00023d40       __PR_MD_CleanupSockets     10024d40 f   w95sock.obj
 0001:00023d50       __PR_MD_SOCKET             10024d50 f   w95sock.obj
 0001:00023e30       __MD_CloseSocket           10024e30 f   w95sock.obj
 0001:00023e60       __MD_SocketAvailable       10024e60 f   w95sock.obj
 0001:00023ea0       __MD_Accept                10024ea0 f   w95sock.obj
 0001:00023f20       __PR_MD_CONNECT            10024f20 f   w95sock.obj
 0001:00023fa0       __PR_MD_BIND               10024fa0 f   w95sock.obj
 0001:00023fe0       __PR_MD_LISTEN             10024fe0 f   w95sock.obj
 0001:00024020       __PR_MD_RECV               10025020 f   w95sock.obj
 0001:000240c0       __PR_MD_SEND               100250c0 f   w95sock.obj
 0001:000241a0       __PR_MD_SENDTO             100251a0 f   w95sock.obj
 0001:00024290       __PR_MD_RECVFROM           10025290 f   w95sock.obj
 0001:00024320       __PR_MD_WRITEV             10025320 f   w95sock.obj
 0001:000243e0       __PR_MD_SHUTDOWN           100253e0 f   w95sock.obj
 0001:00024420       __PR_MD_GETSOCKNAME        10025420 f   w95sock.obj
 0001:00024460       __PR_MD_GETPEERNAME        10025460 f   w95sock.obj
 0001:000244a0       __PR_MD_GETSOCKOPT         100254a0 f   w95sock.obj
 0001:000244f0       __PR_MD_SETSOCKOPT         100254f0 f   w95sock.obj
 0001:00024b30       __MD_win32_map_default_error 10025b30 f   win32_errors.obj
 0001:00025190       __MD_win32_map_closedir_error 10026190 f   win32_errors.obj
 0001:00025190       __MD_unix_readdir_error    10026190 f   win32_errors.obj
 0001:00025190       __MD_win32_map_getsockopt_error 10026190 f   win32_errors.obj
 0001:00025190       __MD_win32_map_fsync_error 10026190 f   win32_errors.obj
 0001:00025190       __MD_win32_map_close_error 10026190 f   win32_errors.obj
 0001:00025190       __MD_win32_map_rename_error 10026190 f   win32_errors.obj
 0001:00025190       __MD_win32_map_rmdir_error 10026190 f   win32_errors.obj
 0001:00025190       __MD_win32_map_fstat_error 10026190 f   win32_errors.obj
 0001:00025190       __MD_win32_map_getpeername_error 10026190 f   win32_errors.obj
 0001:00025190       __MD_win32_map_socket_error 10026190 f   win32_errors.obj
 0001:00025190       __MD_win32_map_recv_error  10026190 f   win32_errors.obj
 0001:00025190       __MD_win32_map_shutdown_error 10026190 f   win32_errors.obj
 0001:00025190       __MD_win32_map_gethostname_error 10026190 f   win32_errors.obj
 0001:00025190       __MD_win32_map_read_error  10026190 f   win32_errors.obj
 0001:00025190       __MD_win32_map_delete_error 10026190 f   win32_errors.obj
 0001:00025190       __MD_win32_map_opendir_error 10026190 f   win32_errors.obj
 0001:00025190       __MD_win32_map_setsockopt_error 10026190 f   win32_errors.obj
 0001:00025190       __MD_win32_map_mkdir_error 10026190 f   win32_errors.obj
 0001:00025190       __MD_win32_map_open_error  10026190 f   win32_errors.obj
 0001:00025190       __MD_win32_map_recvfrom_error 10026190 f   win32_errors.obj
 0001:00025190       __MD_win32_map_lseek_error 10026190 f   win32_errors.obj
 0001:00025190       __MD_win32_map_write_error 10026190 f   win32_errors.obj
 0001:000251b0       __MD_win32_map_stat_error  100261b0 f   win32_errors.obj
 0001:00025220       __MD_win32_map_access_error 10026220 f   win32_errors.obj
 0001:00025240       __MD_win32_map_send_error  10026240 f   win32_errors.obj
 0001:00025240       __MD_win32_map_sendto_error 10026240 f   win32_errors.obj
 0001:00025290       __MD_win32_map_accept_error 10026290 f   win32_errors.obj
 0001:000252f0       __MD_win32_map_connect_error 100262f0 f   win32_errors.obj
 0001:00025360       __MD_win32_map_bind_error  10026360 f   win32_errors.obj
 0001:000253b0       __MD_win32_map_getsockname_error 100263b0 f   win32_errors.obj
 0001:00025400       __MD_win32_map_select_error 10026400 f   win32_errors.obj
 0001:00025450       __PR_MD_OPEN_SEMAPHORE     10026450 f   w32ipcsem.obj
 0001:00025600       __PR_MD_WAIT_SEMAPHORE     10026600 f   w32ipcsem.obj
 0001:00025650       __PR_MD_POST_SEMAPHORE     10026650 f   w32ipcsem.obj
 0001:00025680       __PR_MD_CLOSE_SEMAPHORE    10026680 f   w32ipcsem.obj
 0001:000256c0       __PR_MD_PR_POLL            100266c0 f   w32poll.obj
 0001:00025ff0       __PR_MD_GetRandomNoise     10026ff0 f   w32rng.obj
 0001:000261c0       __MD_OpenSharedMemory      100271c0 f   w32shm.obj
 0001:000266d0       __MD_AttachSharedMemory    100276d0 f   w32shm.obj
 0001:00026750       __MD_DetachSharedMemory    10027750 f   w32shm.obj
 0001:000267c0       __MD_CloseSharedMemory     100277c0 f   w32shm.obj
 0001:00026860       __md_OpenAnonFileMap       10027860 f   w32shm.obj
 0001:00026940       __md_ExportFileMapAsString 10027940 f   w32shm.obj
 0001:000269c0       __md_ImportFileMapFromString 100279c0 f   w32shm.obj
 0001:00026a90       _DllMain@12                10027a90 f   w95dllmain.obj
 0001:00026ae4       _htonl@4                   10027ae4 f   wsock32:WSOCK32.dll
 0001:00026aea       _gethostbyname@4           10027aea f   wsock32:WSOCK32.dll
 0001:00026af0       _gethostbyaddr@12          10027af0 f   wsock32:WSOCK32.dll
 0001:00026af6       _getprotobyname@4          10027af6 f   wsock32:WSOCK32.dll
 0001:00026afc       _getprotobynumber@4        10027afc f   wsock32:WSOCK32.dll
 0001:00026b02       _htons@4                   10027b02 f   wsock32:WSOCK32.dll
 0001:00026b08       _ntohs@4                   10027b08 f   wsock32:WSOCK32.dll
 0001:00026b0e       _ntohl@4                   10027b0e f   wsock32:WSOCK32.dll
 0001:00026b14       _WSAGetLastError@0         10027b14 f   wsock32:WSOCK32.dll
 0001:00026b1a       _getsockopt@20             10027b1a f   wsock32:WSOCK32.dll
 0001:00026b20       _setsockopt@20             10027b20 f   wsock32:WSOCK32.dll
 0001:00026b26       _closesocket@4             10027b26 f   wsock32:WSOCK32.dll
 0001:00026b2c       _ioctlsocket@12            10027b2c f   wsock32:WSOCK32.dll
 0001:00026b32       _socket@12                 10027b32 f   wsock32:WSOCK32.dll
 0001:00026b38       _accept@12                 10027b38 f   wsock32:WSOCK32.dll
 0001:00026b3e       _connect@12                10027b3e f   wsock32:WSOCK32.dll
 0001:00026b44       _bind@12                   10027b44 f   wsock32:WSOCK32.dll
 0001:00026b4a       _listen@8                  10027b4a f   wsock32:WSOCK32.dll
 0001:00026b50       _recv@16                   10027b50 f   wsock32:WSOCK32.dll
 0001:00026b56       _send@16                   10027b56 f   wsock32:WSOCK32.dll
 0001:00026b5c       _sendto@24                 10027b5c f   wsock32:WSOCK32.dll
 0001:00026b62       _recvfrom@24               10027b62 f   wsock32:WSOCK32.dll
 0001:00026b68       _shutdown@8                10027b68 f   wsock32:WSOCK32.dll
 0001:00026b6e       _getsockname@12            10027b6e f   wsock32:WSOCK32.dll
 0001:00026b74       _getpeername@12            10027b74 f   wsock32:WSOCK32.dll
 0001:00026b7a       ___WSAFDIsSet@8            10027b7a f   wsock32:WSOCK32.dll
 0001:00026b80       _select@20                 10027b80 f   wsock32:WSOCK32.dll
 0001:00026b90       __aullrem                  10027b90 f   MSVCRT:ullrem.obj
 0001:00026c10       __aulldiv                  10027c10 f   MSVCRT:ulldiv.obj
 0001:00026c80       __allmul                   10027c80 f   MSVCRT:llmul.obj
 0001:00026cb4       __ftol                     10027cb4 f   MSVCRT:MSVCRT.dll
 0001:00026cc0       __aullshr                  10027cc0 f   MSVCRT:ullshr.obj
 0001:00026ce0       __allshl                   10027ce0 f   MSVCRT:llshl.obj
 0001:00026d00       __allshr                   10027d00 f   MSVCRT:llshr.obj
 0001:00026d30       __allrem                   10027d30 f   MSVCRT:llrem.obj
 0001:00026df0       __alldiv                   10027df0 f   MSVCRT:lldiv.obj
 0001:00026e9a       __except_handler3          10027e9a f   MSVCRT:MSVCRT.dll
 0001:00026ea0       __chkstk                   10027ea0 f   MSVCRT:chkstk.obj
 0001:00026ea0       __alloca_probe             10027ea0 f   MSVCRT:chkstk.obj
 0001:00026ecf       __CRT_INIT@12              10027ecf f   MSVCRT:crtdll.obj
 0001:00026f7a       __DllMainCRTStartup@12     10027f7a f   MSVCRT:crtdll.obj
 0001:00027018       __initterm                 10028018 f   MSVCRT:MSVCRT.dll
 0002:00000000       __imp__AllocateAndInitializeSid@44 10029000     advapi32:ADVAPI32.dll
 0002:00000004       __imp__CopySid@12          10029004     advapi32:ADVAPI32.dll
 0002:00000008       __imp__GetLengthSid@4      10029008     advapi32:ADVAPI32.dll
 0002:0000000c       __imp__GetTokenInformation@20 1002900c     advapi32:ADVAPI32.dll
 0002:00000010       __imp__OpenProcessToken@12 10029010     advapi32:ADVAPI32.dll
 0002:00000014       __imp__FreeSid@4           10029014     advapi32:ADVAPI32.dll
 0002:00000018       __imp__SetSecurityDescriptorDacl@16 10029018     advapi32:ADVAPI32.dll
 0002:0000001c       __imp__AddAccessAllowedAce@16 1002901c     advapi32:ADVAPI32.dll
 0002:00000020       __imp__InitializeAcl@12    10029020     advapi32:ADVAPI32.dll
 0002:00000024       __imp__SetSecurityDescriptorGroup@12 10029024     advapi32:ADVAPI32.dll
 0002:00000028       __imp__SetSecurityDescriptorOwner@12 10029028     advapi32:ADVAPI32.dll
 0002:0000002c       __imp__InitializeSecurityDescriptor@8 1002902c     advapi32:ADVAPI32.dll
 0002:00000030       \177ADVAPI32_NULL_THUNK_DATA 10029030     advapi32:ADVAPI32.dll
 0002:00000034       __imp__ResumeThread@4      10029034     kernel32:KERNEL32.dll
 0002:00000038       __imp__GetCurrentThread@0  10029038     kernel32:KERNEL32.dll
 0002:0000003c       __imp__OpenFileMappingA@12 1002903c     kernel32:KERNEL32.dll
 0002:00000040       __imp__QueryPerformanceCounter@4 10029040     kernel32:KERNEL32.dll
 0002:00000044       __imp__GetTickCount@0      10029044     kernel32:KERNEL32.dll
 0002:00000048       __imp__OpenSemaphoreA@12   10029048     kernel32:KERNEL32.dll
 0002:0000004c       __imp__InitializeCriticalSection@4 1002904c     kernel32:KERNEL32.dll
 0002:00000050       __imp__LeaveCriticalSection@4 10029050     kernel32:KERNEL32.dll
 0002:00000054       __imp__UnlockFile@20       10029054     kernel32:KERNEL32.dll
 0002:00000058       __imp__LockFile@20         10029058     kernel32:KERNEL32.dll
 0002:0000005c       __imp__RemoveDirectoryA@4  1002905c     kernel32:KERNEL32.dll
 0002:00000060       __imp__CreateDirectoryA@8  10029060     kernel32:KERNEL32.dll
 0002:00000064       __imp__MoveFileA@8         10029064     kernel32:KERNEL32.dll
 0002:00000068       __imp__GetHandleInformation@8 10029068     kernel32:KERNEL32.dll
 0002:0000006c       __imp__SetHandleInformation@12 1002906c     kernel32:KERNEL32.dll
 0002:00000070       __imp__GetFileInformationByHandle@8 10029070     kernel32:KERNEL32.dll
 0002:00000074       __imp__GetFileAttributesExA@12 10029074     kernel32:KERNEL32.dll
 0002:00000078       __imp__DeleteFileA@4       10029078     kernel32:KERNEL32.dll
 0002:0000007c       __imp__FindNextFileA@8     1002907c     kernel32:KERNEL32.dll
 0002:00000080       __imp__FindFirstFileA@8    10029080     kernel32:KERNEL32.dll
 0002:00000084       __imp__FindClose@4         10029084     kernel32:KERNEL32.dll
 0002:00000088       __imp__FlushFileBuffers@4  10029088     kernel32:KERNEL32.dll
 0002:0000008c       __imp__SetFilePointer@16   1002908c     kernel32:KERNEL32.dll
 0002:00000090       __imp__WriteFile@20        10029090     kernel32:KERNEL32.dll
 0002:00000094       __imp__ReadFile@20         10029094     kernel32:KERNEL32.dll
 0002:00000098       __imp__CreateFileA@28      10029098     kernel32:KERNEL32.dll
 0002:0000009c       __imp__SuspendThread@4     1002909c     kernel32:KERNEL32.dll
 0002:000000a0       __imp__IsDebuggerPresent@0 100290a0     kernel32:KERNEL32.dll
 0002:000000a4       __imp__RaiseException@16   100290a4     kernel32:KERNEL32.dll
 0002:000000a8       __imp__SetThreadPriority@8 100290a8     kernel32:KERNEL32.dll
 0002:000000ac       __imp__DuplicateHandle@28  100290ac     kernel32:KERNEL32.dll
 0002:000000b0       __imp__TlsFree@4           100290b0     kernel32:KERNEL32.dll
 0002:000000b4       __imp__TlsAlloc@0          100290b4     kernel32:KERNEL32.dll
 0002:000000b8       __imp__GetThreadContext@8  100290b8     kernel32:KERNEL32.dll
 0002:000000bc       __imp__ReleaseSemaphore@12 100290bc     kernel32:KERNEL32.dll
 0002:000000c0       __imp__CreateSemaphoreA@16 100290c0     kernel32:KERNEL32.dll
 0002:000000c4       __imp__GetCurrentProcess@0 100290c4     kernel32:KERNEL32.dll
 0002:000000c8       __imp__UnmapViewOfFile@4   100290c8     kernel32:KERNEL32.dll
 0002:000000cc       __imp__MapViewOfFile@20    100290cc     kernel32:KERNEL32.dll
 0002:000000d0       __imp__FormatMessageA@28   100290d0     kernel32:KERNEL32.dll
 0002:000000d4       __imp__CreateFileMappingA@24 100290d4     kernel32:KERNEL32.dll
 0002:000000d8       __imp__GetVersionExA@4     100290d8     kernel32:KERNEL32.dll
 0002:000000dc       __imp__TerminateProcess@8  100290dc     kernel32:KERNEL32.dll
 0002:000000e0       __imp__WaitForSingleObject@8 100290e0     kernel32:KERNEL32.dll
 0002:000000e4       __imp__GetExitCodeProcess@8 100290e4     kernel32:KERNEL32.dll
 0002:000000e8       __imp__GetEnvironmentStrings@0 100290e8     kernel32:KERNEL32.dll
 0002:000000ec       __imp__FreeEnvironmentStringsA@4 100290ec     kernel32:KERNEL32.dll
 0002:000000f0       __imp__CreateProcessA@40   100290f0     kernel32:KERNEL32.dll
 0002:000000f4       __imp__GetSystemTime@4     100290f4     kernel32:KERNEL32.dll
 0002:000000f8       __imp__SystemTimeToFileTime@8 100290f8     kernel32:KERNEL32.dll
 0002:000000fc       __imp__TlsSetValue@8       100290fc     kernel32:KERNEL32.dll
 0002:00000100       __imp__DeleteCriticalSection@4 10029100     kernel32:KERNEL32.dll
 0002:00000104       __imp__TlsGetValue@4       10029104     kernel32:KERNEL32.dll
 0002:00000108       __imp__GetStdHandle@4      10029108     kernel32:KERNEL32.dll
 0002:0000010c       __imp__Sleep@4             1002910c     kernel32:KERNEL32.dll
 0002:00000110       __imp__CreatePipe@16       10029110     kernel32:KERNEL32.dll
 0002:00000114       __imp__CloseHandle@4       10029114     kernel32:KERNEL32.dll
 0002:00000118       __imp__GlobalMemoryStatus@4 10029118     kernel32:KERNEL32.dll
 0002:0000011c       __imp__InterlockedExchange@8 1002911c     kernel32:KERNEL32.dll
 0002:00000120       __imp__GetSystemInfo@4     10029120     kernel32:KERNEL32.dll
 0002:00000124       __imp__GetModuleHandleW@4  10029124     kernel32:KERNEL32.dll
 0002:00000128       __imp__GetModuleFileNameW@12 10029128     kernel32:KERNEL32.dll
 0002:0000012c       __imp__GetProcAddress@8    1002912c     kernel32:KERNEL32.dll
 0002:00000130       __imp__FreeLibrary@4       10029130     kernel32:KERNEL32.dll
 0002:00000134       __imp__MultiByteToWideChar@24 10029134     kernel32:KERNEL32.dll
 0002:00000138       __imp__GetLastError@0      10029138     kernel32:KERNEL32.dll
 0002:0000013c       __imp__LoadLibraryExW@12   1002913c     kernel32:KERNEL32.dll
 0002:00000140       __imp__GetModuleHandleA@4  10029140     kernel32:KERNEL32.dll
 0002:00000144       __imp__WideCharToMultiByte@32 10029144     kernel32:KERNEL32.dll
 0002:00000148       __imp__DebugBreak@0        10029148     kernel32:KERNEL32.dll
 0002:0000014c       __imp__EnterCriticalSection@4 1002914c     kernel32:KERNEL32.dll
 0002:00000150       __imp__OutputDebugStringA@4 10029150     kernel32:KERNEL32.dll
 0002:00000154       \177KERNEL32_NULL_THUNK_DATA 10029154     kernel32:KERNEL32.dll
 0002:00000158       __imp___mbsdec             10029158     MSVCRT:MSVCRT.dll
 0002:0000015c       __imp___access             1002915c     MSVCRT:MSVCRT.dll
 0002:00000160       __imp__time                10029160     MSVCRT:MSVCRT.dll
 0002:00000164       __imp___initterm           10029164     MSVCRT:MSVCRT.dll
 0002:00000168       __imp___adjust_fdiv        10029168     MSVCRT:MSVCRT.dll
 0002:0000016c       __imp___stat               1002916c     MSVCRT:MSVCRT.dll
 0002:00000170       __imp___mbsinc             10029170     MSVCRT:MSVCRT.dll
 0002:00000174       __imp___exit               10029174     MSVCRT:MSVCRT.dll
 0002:00000178       __imp___except_handler3    10029178     MSVCRT:MSVCRT.dll
 0002:0000017c       __imp___beginthreadex      1002917c     MSVCRT:MSVCRT.dll
 0002:00000180       __imp__stricmp             10029180     MSVCRT:MSVCRT.dll
 0002:00000180       __imp___stricmp            10029180     MSVCRT:MSVCRT.dll
 0002:00000184       __imp__strpbrk             10029184     MSVCRT:MSVCRT.dll
 0002:00000188       __imp____p__environ        10029188     MSVCRT:MSVCRT.dll
 0002:0000018c       __imp__qsort               1002918c     MSVCRT:MSVCRT.dll
 0002:00000190       __imp__strftime            10029190     MSVCRT:MSVCRT.dll
 0002:00000194       __imp__mktime              10029194     MSVCRT:MSVCRT.dll
 0002:00000198       __imp__localtime           10029198     MSVCRT:MSVCRT.dll
 0002:0000019c       __imp__strncmp             1002919c     MSVCRT:MSVCRT.dll
 0002:000001a0       __imp___errno              100291a0     MSVCRT:MSVCRT.dll
 0002:000001a4       __imp__strerror            100291a4     MSVCRT:MSVCRT.dll
 0002:000001a8       __imp___ftol               100291a8     MSVCRT:MSVCRT.dll
 0002:000001ac       __imp__realloc             100291ac     MSVCRT:MSVCRT.dll
 0002:000001b0       __imp__malloc              100291b0     MSVCRT:MSVCRT.dll
 0002:000001b4       __imp__strrchr             100291b4     MSVCRT:MSVCRT.dll
 0002:000001b8       __imp__strstr              100291b8     MSVCRT:MSVCRT.dll
 0002:000001bc       __imp__getenv              100291bc     MSVCRT:MSVCRT.dll
 0002:000001c0       __imp__tolower             100291c0     MSVCRT:MSVCRT.dll
 0002:000001c4       __imp__strtol              100291c4     MSVCRT:MSVCRT.dll
 0002:000001c8       __imp__strtoul             100291c8     MSVCRT:MSVCRT.dll
 0002:000001cc       __imp__strchr              100291cc     MSVCRT:MSVCRT.dll
 0002:000001d0       __imp__memchr              100291d0     MSVCRT:MSVCRT.dll
 0002:000001d4       __imp____mb_cur_max        100291d4     MSVCRT:MSVCRT.dll
 0002:000001d8       __imp___isctype            100291d8     MSVCRT:MSVCRT.dll
 0002:000001dc       __imp___pctype             100291dc     MSVCRT:MSVCRT.dll
 0002:000001e0       __imp__sprintf             100291e0     MSVCRT:MSVCRT.dll
 0002:000001e4       __imp__fprintf             100291e4     MSVCRT:MSVCRT.dll
 0002:000001e8       __imp__abort               100291e8     MSVCRT:MSVCRT.dll
 0002:000001ec       __imp__fwrite              100291ec     MSVCRT:MSVCRT.dll
 0002:000001f0       __imp__fflush              100291f0     MSVCRT:MSVCRT.dll
 0002:000001f4       __imp__fopen               100291f4     MSVCRT:MSVCRT.dll
 0002:000001f8       __imp__setvbuf             100291f8     MSVCRT:MSVCRT.dll
 0002:000001fc       __imp__fclose              100291fc     MSVCRT:MSVCRT.dll
 0002:00000200       __imp__free                10029200     MSVCRT:MSVCRT.dll
 0002:00000204       __imp__sscanf              10029204     MSVCRT:MSVCRT.dll
 0002:00000208       __imp___iob                10029208     MSVCRT:MSVCRT.dll
 0002:0000020c       __imp__atoi                1002920c     MSVCRT:MSVCRT.dll
 0002:00000210       __imp__strdup              10029210     MSVCRT:MSVCRT.dll
 0002:00000210       __imp___strdup             10029210     MSVCRT:MSVCRT.dll
 0002:00000214       __imp___strcmpi            10029214     MSVCRT:MSVCRT.dll
 0002:00000214       __imp__strcmpi             10029214     MSVCRT:MSVCRT.dll
 0002:00000218       __imp__calloc              10029218     MSVCRT:MSVCRT.dll
 0002:0000021c       __imp__putenv              1002921c     MSVCRT:MSVCRT.dll
 0002:0000021c       __imp___putenv             1002921c     MSVCRT:MSVCRT.dll
 0002:00000220       \177MSVCRT_NULL_THUNK_DATA 10029220     MSVCRT:MSVCRT.dll
 0002:00000224       __imp__timeGetTime@0       10029224     winmm:WINMM.dll
 0002:00000228       \177WINMM_NULL_THUNK_DATA  10029228     winmm:WINMM.dll
 0002:0000022c       __imp__select@20           1002922c     wsock32:WSOCK32.dll
 0002:00000230       __imp____WSAFDIsSet@8      10029230     wsock32:WSOCK32.dll
 0002:00000234       __imp__getpeername@12      10029234     wsock32:WSOCK32.dll
 0002:00000238       __imp__getsockname@12      10029238     wsock32:WSOCK32.dll
 0002:0000023c       __imp__shutdown@8          1002923c     wsock32:WSOCK32.dll
 0002:00000240       __imp__recvfrom@24         10029240     wsock32:WSOCK32.dll
 0002:00000244       __imp__sendto@24           10029244     wsock32:WSOCK32.dll
 0002:00000248       __imp__send@16             10029248     wsock32:WSOCK32.dll
 0002:0000024c       __imp__recv@16             1002924c     wsock32:WSOCK32.dll
 0002:00000250       __imp__listen@8            10029250     wsock32:WSOCK32.dll
 0002:00000254       __imp__bind@12             10029254     wsock32:WSOCK32.dll
 0002:00000258       __imp__connect@12          10029258     wsock32:WSOCK32.dll
 0002:0000025c       __imp__accept@12           1002925c     wsock32:WSOCK32.dll
 0002:00000260       __imp__socket@12           10029260     wsock32:WSOCK32.dll
 0002:00000264       __imp__closesocket@4       10029264     wsock32:WSOCK32.dll
 0002:00000268       __imp__setsockopt@20       10029268     wsock32:WSOCK32.dll
 0002:0000026c       __imp__WSAStartup@8        1002926c     wsock32:WSOCK32.dll
 0002:00000270       __imp__WSACleanup@0        10029270     wsock32:WSOCK32.dll
 0002:00000274       __imp__gethostname@8       10029274     wsock32:WSOCK32.dll
 0002:00000278       __imp__getsockopt@20       10029278     wsock32:WSOCK32.dll
 0002:0000027c       __imp__WSAGetLastError@0   1002927c     wsock32:WSOCK32.dll
 0002:00000280       __imp__ntohl@4             10029280     wsock32:WSOCK32.dll
 0002:00000284       __imp__ntohs@4             10029284     wsock32:WSOCK32.dll
 0002:00000288       __imp__htons@4             10029288     wsock32:WSOCK32.dll
 0002:0000028c       __imp__getprotobynumber@4  1002928c     wsock32:WSOCK32.dll
 0002:00000290       __imp__getprotobyname@4    10029290     wsock32:WSOCK32.dll
 0002:00000294       __imp__gethostbyaddr@12    10029294     wsock32:WSOCK32.dll
 0002:00000298       __imp__gethostbyname@4     10029298     wsock32:WSOCK32.dll
 0002:0000029c       __imp__htonl@4             1002929c     wsock32:WSOCK32.dll
 0002:000002a0       __imp__ioctlsocket@12      100292a0     wsock32:WSOCK32.dll
 0002:000002a4       \177WSOCK32_NULL_THUNK_DATA 100292a4     wsock32:WSOCK32.dll
 0002:000002a8       ??_C@_00A@?$AA@            100292a8     prvrsion.obj
 0002:000002ac       ??_C@_0DB@FAOJ@License?5information?3?5http?3?1?1www?4@ 100292ac     prvrsion.obj
 0002:000002e0       ??_C@_0EM@OGBH@Copyright?5?$CIc?$CJ?51998?5Netscape?5Comm@ 100292e0     prvrsion.obj
 0002:0000032c       ??_C@_03PHGM@N?1A?$AA@     1002932c     prvrsion.obj
 0002:00000330       ??_C@_0BB@GHFL@Portable?5runtime?$AA@ 10029330     prvrsion.obj
 0002:00000344       ??_C@_09OMGH@nspr4?4dll?$AA@ 10029344     prvrsion.obj
 0002:00000350       ??_C@_0BE@HKMF@2017?910?907?511?354?308?$AA@ 10029350     prvrsion.obj
 0002:00000364       ??_C@_02NCMG@FD?$AA@       10029364     prfdcach.obj
 0002:00000368       ??_C@_0BI@CMLC@NSPR_FD_CACHE_SIZE_HIGH?$AA@ 10029368     prfdcach.obj
 0002:00000380       ??_C@_0BH@FMOC@NSPR_FD_CACHE_SIZE_LOW?$AA@ 10029380     prfdcach.obj
 0002:000003d0       ??_C@_0BD@OAEO@Ipv6_to_Ipv4?5layer?$AA@ 100293d0     pripv6.obj
 0002:000003e4       ??_C@_0CF@LKDJ@Unable?5to?5create?5nspr?5log?5file?5?8@ 100293e4     prlog.obj
 0002:0000040c       ??_C@_0O@GCIN@NSPR_LOG_FILE?$AA@ 1002940c     prlog.obj
 0002:0000041c       ??_C@_05JGFN@?5?0?5?$CFn?$AA@ 1002941c     prlog.obj
 0002:00000424       ??_C@_03MKE@all?$AA@       10029424     prlog.obj
 0002:00000428       ??_C@_06NAPD@append?$AA@   10029428     prlog.obj
 0002:00000430       ??_C@_09OFOO@timestamp?$AA@ 10029430     prlog.obj
 0002:0000043c       ??_C@_07BJIB@bufsize?$AA@  1002943c     prlog.obj
 0002:00000444       ??_C@_04FFGD@sync?$AA@     10029444     prlog.obj
 0002:00000450       ??_C@_0EN@MKID@?$CF63?$FLABCDEFGHIJKLMNOPQRSTUVWXYZab@ 10029450     prlog.obj
 0002:000004a0       ??_C@_0BB@MCLP@NSPR_LOG_MODULES?$AA@ 100294a0     prlog.obj
 0002:000004b4       ??_C@_01LLF@w?$AA@         100294b4     prlog.obj
 0002:000004b8       ??_C@_01FNLH@a?$AA@        100294b8     prlog.obj
 0002:000004bc       ??_C@_08PHI@WinDebug?$AA@  100294bc     prlog.obj
 0002:000004c8       ??_C@_09NFGL@?$CFld?$FL?$CFp?$FN?3?5?$AA@ 100294c8     prlog.obj
 0002:000004d4       ??_C@_0CK@GNKA@?$CF04d?9?$CF02d?9?$CF02d?5?$CF02d?3?$CF02d?3?$CF02d?4?$CF0@ 100294d4     prlog.obj
 0002:00000500       ??_C@_08JLBK@Aborting?$AA@ 10029500     prlog.obj
 0002:0000050c       ??_C@_0CB@NIG@Assertion?5failure?3?5?$CFs?0?5at?5?$CFs?3?$CFd?6@ 1002950c     prlog.obj
 0002:00000534       ??_C@_0BF@KNL@NSPR?5pollable?5events?$AA@ 10029534     prpolevt.obj
 0002:0000054c       ??_C@_0BB@CNFP@0123456789ABCDEF?$AA@ 1002954c     prprf.obj
 0002:00000560       ??_C@_0BB@PCNE@0123456789abcdef?$AA@ 10029560     prprf.obj
 0002:00000574       ??_C@_01A@?$AA?$AA@        10029574     prprf.obj
 0002:00000578       ??_C@_01FCCL@?$CF?$AA@     10029578     prprf.obj
 0002:0000057c       ??_C@_01FCOA@?5?$AA@       1002957c     prprf.obj
 0002:00000580       ??_C@_01PLJA@0?$AA@        10029580     prprf.obj
 0002:00000584       ??_C@_06ONKE@?$CInull?$CJ?$AA@ 10029584     prprf.obj
 0002:000005bc       ??_C@_0CK@PJAC@expanded?5monitor?5cache?5to?5?$CFd?5?$CIbu@ 100295bc     prcmon.obj
 0002:000005e8       ??_C@_0CK@CILE@unable?5to?5grow?5monitor?5cache?5has@ 100295e8     prcmon.obj
 0002:00000614       ??_C@_0BJ@PJJF@Loaded?5library?5?$CFs?5?$CIinit?$CJ?$AA@ 10029614     prlink.obj
 0002:00000630       ??_C@_0L@NKCB@Executable?$AA@ 10029630     prlink.obj
 0002:0000063c       ??_C@_0M@PNDA@linker?9lock?$AA@ 1002963c     prlink.obj
 0002:00000648       ??_C@_06FMJE@?4?$DL?2lib?$AA@ 10029648     prlink.obj
 0002:00000650       ??_C@_0BA@LPDP@LD_LIBRARY_PATH?$AA@ 10029650     prlink.obj
 0002:00000660       ??_C@_02DILL@?$CFs?$AA@    10029660     prlink.obj
 0002:00000664       ??_C@_05KEJO@?$CFs?2?$CFs?$AA@ 10029664     prlink.obj
 0002:0000066c       ??_C@_04DCMN@?$CFs?$CFs?$AA@ 1002966c     prlink.obj
 0002:00000674       ??_C@_07MGOL@?$CFs?2?$CFs?$CFs?$AA@ 10029674     prlink.obj
 0002:0000067c       ??_C@_04EJNG@?4dll?$AA@    1002967c     prlink.obj
 0002:00000684       ??_C@_0BN@IEBL@Loaded?5library?5?$CFs?5?$CIload?5lib?$CJ?$AA@ 10029684     prlink.obj
 0002:000006a4       ??_C@_08DJG@error?5?$CFd?$AA@ 100296a4     prlink.obj
 0002:000006b0       ??_C@_0BJ@FFGL@?$CFs?5incr?5?$DN?$DO?5?$CFd?5?$CIfind?5lib?$CJ?$AA@ 100296b0     prlink.obj
 0002:000006cc       ??_C@_0BE@JGG@Unloaded?5library?5?$CFs?$AA@ 100296cc     prlink.obj
 0002:000006e0       ??_C@_0O@OKGC@?$CFs?5decr?5?$DN?$DO?5?$CFd?$AA@ 100296e0     prlink.obj
 0002:000006f0       ??_C@_0BH@GAEK@?$CFs?5incr?5?$DN?$DO?5?$CFd?5?$CIfor?5?$CFs?$CJ?$AA@ 100296f0     prlink.obj
 0002:00000708       ??_C@_0BP@KDDJ@Loaded?5library?5?$CFs?5?$CIstatic?5lib?$CJ?$AA@ 10029708     prlink.obj
 0002:00000728       __real@3fe0000000000000    10029728     pralarm.obj
 0002:00000730       ??_C@_0DB@IEMN@PR_Counter?3?5Create?3?5QName?3?5?$CFs?5?$CFp@ 10029730     prcountr.obj
 0002:00000764       ??_C@_0CE@DKFE@PR_Counter?3?5Initialization?5compl@ 10029764     prcountr.obj
 0002:00000788       ??_C@_08OPMG@counters?$AA@ 10029788     prcountr.obj
 0002:00000794       ??_C@_0CK@MLFH@PR_Counter?3?5Deleting?5unused?5QNam@ 10029794     prcountr.obj
 0002:000007c0       ??_C@_0CD@GIMM@PR_Counter?3?5Deleting?5RName?3?5?$CFs?0?5@ 100297c0     prcountr.obj
 0002:000007e4       ??_C@_0CL@DFM@PR_Counter?3?5Deleting?3?5QName?3?5?$CFs?0@ 100297e4     prcountr.obj
 0002:00000810       ??_C@_0CI@DOOL@PR_Counter?3?5GetConterHandleFromN@ 10029810     prcountr.obj
 0002:00000838       ??_C@_0DM@ODAP@PR_Counter?3?5GetCounterHandleFrom@ 10029838     prcountr.obj
 0002:00000878       ??_C@_0FH@GBDO@PR_Counter?3?5GetConterNameFromHan@ 10029878     prcountr.obj
 0002:000008d0       ??_C@_0BP@NANK@PR_Counter?3?5Increment?3?5?$CFp?0?5?$CFld?$AA@ 100298d0     prcountr.obj
 0002:000008f0       ??_C@_0BP@IADD@PR_Counter?3?5Decrement?3?5?$CFp?0?5?$CFld?$AA@ 100298f0     prcountr.obj
 0002:00000910       ??_C@_0CC@MOD@PR_Counter?3?5AddToCounter?3?5?$CFp?0?5?$CFl@ 10029910     prcountr.obj
 0002:00000934       ??_C@_0CJ@HKAD@PR_Counter?3?5SubtractFromCounter?3@ 10029934     prcountr.obj
 0002:00000960       ??_C@_0CA@NKBP@PR_Counter?3?5GetCounter?3?5?$CFp?0?5?$CFld?$AA@ 10029960     prcountr.obj
 0002:00000980       ??_C@_0CA@MDBH@PR_Counter?3?5SetCounter?3?5?$CFp?0?5?$CFld?$AA@ 10029980     prcountr.obj
 0002:000009a0       ??_C@_0DD@LAK@PR_Counter?3?5FindNextQname?3?5Handl@ 100299a0     prcountr.obj
 0002:000009d8       ??_C@_0EB@DMKK@PR_Counter?3?5FindNextRname?3?5Rhand@ 100299d8     prcountr.obj
 0002:00000b28       __real@3fcfffff94a03595    10029b28     prdtoa.obj
 0002:00000b30       __real@3fe0000035afe535    10029b30     prdtoa.obj
 0002:00000b38       __real@3fdfffff94a03595    10029b38     prdtoa.obj
 0002:00000b40       __real@41dfffffffc00000    10029b40     prdtoa.obj
 0002:00000b48       __real@3ff0000000000000    10029b48     prdtoa.obj
 0002:00000b50       __real@4000000000000000    10029b50     prdtoa.obj
 0002:00000b58       __real@0000000000000000    10029b58     prdtoa.obj
 0002:00000b60       __real@4014000000000000    10029b60     prdtoa.obj
 0002:00000b68       __real@401c000000000000    10029b68     prdtoa.obj
 0002:00000b70       __real@4024000000000000    10029b70     prdtoa.obj
 0002:00000b78       __real@3fd34413509f79fb    10029b78     prdtoa.obj
 0002:00000b80       __real@3fc68a288b60c8b3    10029b80     prdtoa.obj
 0002:00000b88       __real@3fd287a7636f4361    10029b88     prdtoa.obj
 0002:00000b90       __real@3ff8000000000000    10029b90     prdtoa.obj
 0002:00000b98       ??_C@_03JODP@NaN?$AA@      10029b98     prdtoa.obj
 0002:00000b9c       ??_C@_08KCD@Infinity?$AA@  10029b9c     prdtoa.obj
 0002:00000ba8       ??_C@_03FOBM@?$CF?$CLd?$AA@ 10029ba8     prdtoa.obj
 0002:00000e30       ??_C@_05KP@prerr?$AA@      10029e30     prerr.obj
 0002:00000e38       ??_C@_0CE@JBJA@Placeholder?5for?5the?5end?5of?5the?5l@ 10029e38     prerr.obj
 0002:00000e5c       ??_C@_0N@KFJM@PR_MAX_ERROR?$AA@ 10029e5c     prerr.obj
 0002:00000e70       ??_C@_0FO@JLBI@The?5one?9time?5function?5was?5previo@ 10029e70     prerr.obj
 0002:00000ed0       ??_C@_0BD@FNHC@PR_CALL_ONCE_ERROR?$AA@ 10029ed0     prerr.obj
 0002:00000ee4       ??_C@_0BK@BFBL@The?5library?5is?5not?5loaded?$AA@ 10029ee4     prerr.obj
 0002:00000f00       ??_C@_0BM@ENAJ@PR_LIBRARY_NOT_LOADED_ERROR?$AA@ 10029f00     prerr.obj
 0002:00000f1c       ??_C@_0BE@OCL@Host?5is?5unreachable?$AA@ 10029f1c     prerr.obj
 0002:00000f30       ??_C@_0BK@DIHK@PR_HOST_UNREACHABLE_ERROR?$AA@ 10029f30     prerr.obj
 0002:00000f4c       ??_C@_0BD@GFBB@Connection?5aborted?$AA@ 10029f4c     prerr.obj
 0002:00000f60       ??_C@_0BJ@PNML@PR_CONNECT_ABORTED_ERROR?$AA@ 10029f60     prerr.obj
 0002:00000f7c       ??_C@_0BA@CEFB@Socket?5shutdown?$AA@ 10029f7c     prerr.obj
 0002:00000f8c       ??_C@_0BJ@DENL@PR_SOCKET_SHUTDOWN_ERROR?$AA@ 10029f8c     prerr.obj
 0002:00000fa8       ??_C@_0BA@NJFH@Network?5is?5down?$AA@ 10029fa8     prerr.obj
 0002:00000fb8       ??_C@_0BG@BPEC@PR_NETWORK_DOWN_ERROR?$AA@ 10029fb8     prerr.obj
 0002:00000fd0       ??_C@_0CC@FBDO@Object?5state?5improper?5for?5reques@ 10029fd0     prerr.obj
 0002:00000ff4       ??_C@_0BH@DNM@PR_INVALID_STATE_ERROR?$AA@ 10029ff4     prerr.obj
 0002:0000100c       ??_C@_0BI@KJMM@The?5wait?5group?5is?5empty?$AA@ 1002a00c     prerr.obj
 0002:00001024       ??_C@_0BF@PGLP@PR_GROUP_EMPTY_ERROR?$AA@ 1002a024     prerr.obj
 0002:00001040       ??_C@_0EH@LAAO@Operation?5has?5already?5been?5initi@ 1002a040     prerr.obj
 0002:00001088       ??_C@_0BL@GHDG@PR_ALREADY_INITIATED_ERROR?$AA@ 1002a088     prerr.obj
 0002:000010a8       ??_C@_0EB@EG@Operation?5is?5still?5in?5progress?5?$CI@ 1002a0a8     prerr.obj
 0002:000010ec       ??_C@_0BF@ELOB@PR_IN_PROGRESS_ERROR?$AA@ 1002a0ec     prerr.obj
 0002:00001104       ??_C@_0BO@GBPP@The?5I?1O?5operation?5was?5aborted?$AA@ 1002a104     prerr.obj
 0002:00001124       ??_C@_0BL@OELN@PR_OPERATION_ABORTED_ERROR?$AA@ 1002a124     prerr.obj
 0002:00001140       ??_C@_0BB@HMAO@The?5file?5is?5busy?$AA@ 1002a140     prerr.obj
 0002:00001154       ??_C@_0BG@DECL@PR_FILE_IS_BUSY_ERROR?$AA@ 1002a154     prerr.obj
 0002:0000116c       ??_C@_0L@1Seek?5error?$AA@ 1002a16c     prerr.obj
 0002:00001178       ??_C@_0BD@FPPH@PR_FILE_SEEK_ERROR?$AA@ 1002a178     prerr.obj
 0002:0000118c       ??_C@_0BI@CGDJ@Encountered?5end?5of?5file?$AA@ 1002a18c     prerr.obj
 0002:000011a4       ??_C@_0BF@LLNK@PR_END_OF_FILE_ERROR?$AA@ 1002a1a4     prerr.obj
 0002:000011bc       ??_C@_0CB@JHBE@No?5more?5entries?5in?5the?5directory@ 1002a1bc     prerr.obj
 0002:000011e0       ??_C@_0BH@GOK@PR_NO_MORE_FILES_ERROR?$AA@ 1002a1e0     prerr.obj
 0002:000011f8       ??_C@_0BF@FDGA@The?5device?5is?5locked?$AA@ 1002a1f8     prerr.obj
 0002:00001210       ??_C@_0BK@HCLF@PR_DEVICE_IS_LOCKED_ERROR?$AA@ 1002a210     prerr.obj
 0002:0000122c       ??_C@_0CM@DIMC@The?5required?5device?5was?5in?5an?5in@ 1002a22c     prerr.obj
 0002:00001258       ??_C@_0BO@BHND@PR_INVALID_DEVICE_STATE_ERROR?$AA@ 1002a258     prerr.obj
 0002:00001278       ??_C@_0DJ@JLLE@Directory?5is?5full?4?5?5No?5additiona@ 1002a278     prerr.obj
 0002:000012b4       ??_C@_0BP@CMIH@PR_MAX_DIRECTORY_ENTRIES_ERROR?$AA@ 1002a2b4     prerr.obj
 0002:000012d4       ??_C@_0DH@FCOH@Cannot?5create?5or?5rename?5a?5filena@ 1002a2d4     prerr.obj
 0002:0000130c       ??_C@_0BF@ILDC@PR_FILE_EXISTS_ERROR?$AA@ 1002a30c     prerr.obj
 0002:00001324       ??_C@_0DF@PLGI@The?5directory?5object?5in?5the?5file@ 1002a324     prerr.obj
 0002:0000135c       ??_C@_0BN@CPDM@PR_DIRECTORY_CORRUPTED_ERROR?$AA@ 1002a35c     prerr.obj
 0002:0000137c       ??_C@_0DI@IKME@Cannot?5rename?5a?5file?5to?5a?5file?5s@ 1002a37c     prerr.obj
 0002:000013b4       ??_C@_0BJ@EBCD@PR_NOT_SAME_DEVICE_ERROR?$AA@ 1002a3b4     prerr.obj
 0002:000013d0       ??_C@_0EE@DEJL@Cannot?5delete?5or?5rename?5a?5file?5o@ 1002a3d0     prerr.obj
 0002:00001414       ??_C@_0BM@KHHM@PR_FILESYSTEM_MOUNTED_ERROR?$AA@ 1002a414     prerr.obj
 0002:00001430       ??_C@_0CM@MAMH@Cannot?5delete?5a?5directory?5that?5i@ 1002a430     prerr.obj
 0002:0000145c       ??_C@_0BN@PALF@PR_DIRECTORY_NOT_EMPTY_ERROR?$AA@ 1002a45c     prerr.obj
 0002:0000147c       ??_C@_0CI@HMGI@Cannot?5write?5to?5a?5read?9only?5file@ 1002a47c     prerr.obj
 0002:000014a4       ??_C@_0BO@PLKL@PR_READ_ONLY_FILESYSTEM_ERROR?$AA@ 1002a4a4     prerr.obj
 0002:000014c4       ??_C@_0DE@EABE@Cannot?5perform?5directory?5operati@ 1002a4c4     prerr.obj
 0002:000014f8       ??_C@_0BH@PMGA@PR_NOT_DIRECTORY_ERROR?$AA@ 1002a4f8     prerr.obj
 0002:00001510       ??_C@_0P@LANE@File?5not?5found?$AA@ 1002a510     prerr.obj
 0002:00001520       ??_C@_0BI@BGNJ@PR_FILE_NOT_FOUND_ERROR?$AA@ 1002a520     prerr.obj
 0002:00001538       ??_C@_0BG@JEPL@File?5name?5is?5too?5long?$AA@ 1002a538     prerr.obj
 0002:00001550       ??_C@_0BH@EHNC@PR_NAME_TOO_LONG_ERROR?$AA@ 1002a550     prerr.obj
 0002:00001568       ??_C@_0BD@JOIB@Symbolic?5link?5loop?$AA@ 1002a568     prerr.obj
 0002:0000157c       ??_C@_0O@EKOP@PR_LOOP_ERROR?$AA@ 1002a57c     prerr.obj
 0002:0000158c       ??_C@_0DG@MMBO@Cannot?5perform?5a?5normal?5file?5ope@ 1002a58c     prerr.obj
 0002:000015c4       ??_C@_0BG@CNJC@PR_IS_DIRECTORY_ERROR?$AA@ 1002a5c4     prerr.obj
 0002:000015dc       ??_C@_0BI@OBCG@PR_NO_SEEK_DEVICE_ERROR?$AA@ 1002a5dc     prerr.obj
 0002:000015f4       ??_C@_0O@DMKN@PR_PIPE_ERROR?$AA@ 1002a5f4     prerr.obj
 0002:00001604       ??_C@_0CI@HIN@The?5device?5for?5storing?5the?5file?5@ 1002a604     prerr.obj
 0002:0000162c       ??_C@_0BJ@OICN@PR_NO_DEVICE_SPACE_ERROR?$AA@ 1002a62c     prerr.obj
 0002:00001648       ??_C@_0DJ@PKIK@Write?5would?5result?5in?5file?5large@ 1002a648     prerr.obj
 0002:00001684       ??_C@_0BG@GDCH@PR_FILE_TOO_BIG_ERROR?$AA@ 1002a684     prerr.obj
 0002:0000169c       ??_C@_0BL@CFEF@The?5file?5is?5already?5locked?$AA@ 1002a69c     prerr.obj
 0002:000016b8       ??_C@_0BI@BALA@PR_FILE_IS_LOCKED_ERROR?$AA@ 1002a6b8     prerr.obj
 0002:000016d0       ??_C@_0CE@CLPC@The?5operation?5would?5have?5deadloc@ 1002a6d0     prerr.obj
 0002:000016f4       ??_C@_0BC@EGOO@PR_DEADLOCK_ERROR?$AA@ 1002a6f4     prerr.obj
 0002:00001708       ??_C@_06FIHJ@Unused?$AA@   1002a708     prerr.obj
 0002:00001710       ??_C@_0P@GINP@PR_RANGE_ERROR?$AA@ 1002a710     prerr.obj
 0002:00001720       ??_C@_0BN@HOCJ@TCP?5connection?5reset?5by?5peer?$AA@ 1002a720     prerr.obj
 0002:00001740       ??_C@_0BH@KFMA@PR_CONNECT_RESET_ERROR?$AA@ 1002a740     prerr.obj
 0002:00001758       ??_C@_0EK@LHFP@The?5value?5requested?5is?5too?5large@ 1002a758     prerr.obj
 0002:000017a4       ??_C@_0BJ@FMCM@PR_BUFFER_OVERFLOW_ERROR?$AA@ 1002a7a4     prerr.obj
 0002:000017c0       ??_C@_0CL@NJLO@Access?5to?5the?5remote?5file?5has?5be@ 1002a7c0     prerr.obj
[...]
 0003:00000010       _prVersionDescription_libnspr4 10030010     prvrsion.obj
 0003:000000d8       __pr_faulty_methods        100300d8     priometh.obj
 0003:000002b0       __pr_active_local_threadQ  100302b0     prinit.obj
 0003:000002b8       __pr_active_global_threadQ 100302b8     prinit.obj
 0003:000002c0       __pr_cpuQ                  100302c0     prinit.obj
 0003:00000658       __pr_freeStacks            10030658     prustack.obj
 0003:00000660       __pr_maxFreeStacks         10030660     prustack.obj
 0003:00001200       __pr_initialized           10031200     prinit.obj
 0003:00001204       __native_threads_only      10031204     prinit.obj
 0003:00001210       __getproto_lock            10031210     prnetdb.obj
 0003:00001278       __pr_recycleThreads        10031278     prcthr.obj
 0003:0000127c       __pr_primordialCPU         1003127c     prucpu.obj
 0003:00001280       __pr_cpu_affinity_mask     10031280     prucpu.obj
 0003:00001284       _suspendAllOn              10031284     pruthr.obj
 0003:00001288       _suspendAllThread          10031288     pruthr.obj
 0003:00001298       __pr_intsOff               10031298     w95thred.obj
 0003:0000129c       __pr_interruptTable        1003129c     w95thred.obj
 0003:000012b8       __pr_lastThreadIndex       100312b8     <common>
 0003:000012bc       __pr_currentThreadIndex    100312bc     <common>
 0003:000012c0       __pr_currentCPUIndex       100312c0     <common>
 0003:000012c4       __pr_global_threads        100312c4     <common>
 0003:000012c8       __pr_deadNativeQ           100312c8     <common>
 0003:000012d0       __pr_local_threads         100312d0     <common>
 0003:000012d4       __pr_activeLock            100312d4     <common>
 0003:000012d8       __pr_primordialExitCount   100312d8     <common>
 0003:000012dc       __pr_deadQLock             100312dc     <common>
 0003:000012e0       __pr_numUserDead           100312e0     <common>
 0003:000012e4       __pr_primordialExitCVar    100312e4     <common>
 0003:000012e8       __pr_numNativeDead         100312e8     <common>
 0003:000012f0       __pr_deadUserQ             100312f0     <common>
 0003:000012f8       __pr_numFreeStacks         100312f8     <common>
 0003:000012fc       __pr_stackLock             100312fc     <common>
 0003:00001300       __pr_dumpOut               10031300     <common>
 0003:00001304       __pr_flock_lock            10031304     <common>
 0003:00001308       __pr_flock_cv              10031308     <common>
 0003:0000130c       __pr_io_lm                 1003130c     <common>
 0003:00001310       __pr_utid                  10031310     <common>
 0003:00001314       __pr_shma_lm               10031314     <common>
 0003:00001318       __pr_terminationCVLock     10031318     <common>
 0003:0000131c       __pr_linker_lm             1003131c     <common>
 0003:00001320       __pr_systemActive          10031320     <common>
 0003:00001324       __pr_cvar_lm               10031324     <common>
 0003:00001328       __pr_thread_lm             10031328     <common>
 0003:0000132c       __pr_stdin                 1003132c     <common>
 0003:00001330       __pr_cmon_lm               10031330     <common>
 0003:00001334       __pr_userActive            10031334     <common>
 0003:00001338       __pr_mon_lm                10031338     <common>
 0003:0000133c       __pr_stderr                1003133c     <common>
 0003:00001340       __pr_sched_lm              10031340     <common>
 0003:00001344       __pr_sleeplock             10031344     <common>
 0003:00001348       __pr_clock_lm              10031348     <common>
 0003:0000134c       __pr_shm_lm                1003134c     <common>
 0003:00001350       __pr_gc_lm                 10031350     <common>
 0003:00001354       __pr_stdout                10031354     <common>
 0003:00001358       __pr_pageSize              10031358     <common>
 0003:0000135c       __pr_pageShift             1003135c     <common>
 0003:00001360       __pr_mcacheLock            10031360     <common>
 0003:00001364       __adjust_fdiv              10031364     <common>
 0003:00001368       ___onexitend               10031368     <common>
 0003:0000136c       ___onexitbegin             1003136c     <common>
 0003:00001370       __pRawDllMain              10031370     <common>

 entry point at        0001:00026f7a

 Static symbols

 0001:00026180       _CurrentClockTickTime      10027180 f   w32rng.obj
 0001:000251d0       __MD_win32_map_default_errno 100261d0 f   win32_errors.obj
 0001:00024540       _socket_io_wait            10025540 f   w95sock.obj
 0001:00023760       _AddThreadToCVWaitQueueInternal 10024760 f   w95cv.obj
 0001:000237d0       _md_UnlockAndPostNotifies  100247d0 f   w95cv.obj
 0001:00023ab0       _md_PostNotifyToCvar       10024ab0 f   w95cv.obj
 0001:00022c80       _FlipSlashes               10023c80 f   w95io.obj
 0001:00022f60       _IsPrevCharSlash           10023f60 f   w95io.obj
 0001:000221b0       _pr_root@4                 100231b0 f   w95thred.obj
 0001:00021020       _assembleCmdLine           10022020 f   ntmisc.obj
 0001:00021280       _assembleEnvBlock          10022280 f   ntmisc.obj
 0001:000214a0       _compare                   100224a0 f   ntmisc.obj
 0001:0001ef80       __PR_DestroyThread         1001ff80 f   pruthr.obj
 0001:0001f210       __PR_InitializeNativeStack 10020210 f   pruthr.obj
 0001:0001f270       __PR_DecrActiveThreadCount 10020270 f   pruthr.obj
 0001:0001f3e0       __PR_AttachThread          100203e0 f   pruthr.obj
 0001:0001fe70       __PR_InitializeRecycledThread 10020e70 f   pruthr.obj
 0001:00020460       __PR_Suspend               10021460 f   pruthr.obj
 0001:000205c0       __PR_Resume                100215c0 f   pruthr.obj
 0001:0001d980       _DumpThreadQueue           1001e980 f   prdump.obj
 0001:0001b800       _SocketWritev              1001c800 f   prsocket.obj
 0001:0001bbe0       _SocketConnect             1001cbe0 f   prsocket.obj
 0001:0001bca0       _SocketConnectContinue     1001cca0 f   prsocket.obj
 0001:0001bdc0       _SocketAccept              1001cdc0 f   prsocket.obj
 0001:0001bed0       _SocketBind                1001ced0 f   prsocket.obj
 0001:0001bf20       _SocketListen              1001cf20 f   prsocket.obj
 0001:0001bf50       _SocketShutdown            1001cf50 f   prsocket.obj
 0001:0001bf80       _SocketRecv                1001cf80 f   prsocket.obj
 0001:0001c0c0       _SocketRead                1001d0c0 f   prsocket.obj
 0001:0001c0e0       _SocketSend                1001d0e0 f   prsocket.obj
 0001:0001c230       _SocketWrite               1001d230 f   prsocket.obj
 0001:0001c250       _SocketClose               1001d250 f   prsocket.obj
 0001:0001c2e0       _SocketAvailable           1001d2e0 f   prsocket.obj
 0001:0001c300       _SocketAvailable64         1001d300 f   prsocket.obj
 0001:0001adf0       _SocketSync                1001bdf0 f   prfile.obj
 0001:0001c330       _SocketSendTo              1001d330 f   prsocket.obj
 0001:0001c440       _SocketRecvFrom            1001d440 f   prsocket.obj
 0001:0001c4f0       _SocketAcceptRead          1001d4f0 f   prsocket.obj
 0001:0001c5c0       _SocketSendFile            1001d5c0 f   prsocket.obj
 0001:0001c680       _SocketTransmitFile        1001d680 f   prsocket.obj
 0001:0001c6d0       _SocketGetName             1001d6d0 f   prsocket.obj
 0001:0001c710       _SocketGetPeerName         1001d710 f   prsocket.obj
 0001:0001af20       _SocketPoll                1001bf20 f   prfile.obj
 0001:0001c770       _PR_GetSocketPollFdMethods 1001d770 f   prsocket.obj
 0001:0001d0a0       __pr_setfd                 1001e0a0 f   prsocket.obj
 0001:0001a9f0       _FileRead                  1001b9f0 f   prfile.obj
 0001:0001aad0       _FileWrite                 1001bad0 f   prfile.obj
 0001:0001ac20       _FileSeek                  1001bc20 f   prfile.obj
 0001:0001ac50       _FileSeek64                1001bc50 f   prfile.obj
 0001:0001ac80       _FileAvailable             1001bc80 f   prfile.obj
 0001:0001acf0       _FileAvailable64           1001bcf0 f   prfile.obj
 0001:0001ada0       _PipeAvailable             1001bda0 f   prfile.obj
 0001:0001adc0       _PipeAvailable64           1001bdc0 f   prfile.obj
 0001:0001adf0       _PipeSync                  1001bdf0 f   prfile.obj
 0001:0001ae00       _FileGetInfo               1001be00 f   prfile.obj
 0001:0001ae30       _FileGetInfo64             1001be30 f   prfile.obj
 0001:0001ae60       _FileSync                  1001be60 f   prfile.obj
 0001:0001ae90       _FileClose                 1001be90 f   prfile.obj
 0001:0001af20       _FilePoll                  1001bf20 f   prfile.obj
 0001:00016f70       _ComputeGMT                10017f70 f   prtime.obj
 0001:000173d0       _IsLeapYear                100183d0 f   prtime.obj
 0001:00017420       _ApplySecOffset            10018420 f   prtime.obj
 0001:00017d80       _MT_safe_localtime         10018d80 f   prtime.obj
 0001:00017f90       _NthSunday                 10018f90 f   prtime.obj
 0001:0001a7f0       _pr_WeekOfYear             1001b7f0 f   prtime.obj
 0001:00015cc0       __PR_InitializeTrace       10016cc0 f   prtrace.obj
 0001:00015d50       _NewTraceBuffer            10016d50 f   prtrace.obj
 0001:000169f0       _InitializeRecording       100179f0 f   prtrace.obj
 0001:00016ac0       _ProcessOrders             10017ac0 f   prtrace.obj
 0001:00016c20       _WriteTraceSegment         10017c20 f   prtrace.obj
 0001:00013ed0       _wstart                    10014ed0 f   prtpool.obj
 0001:00014060       _io_wstart                 10015060 f   prtpool.obj
 0001:00014790       _add_to_jobq               10015790 f   prtpool.obj
 0001:00014900       _timer_wstart              10015900 f   prtpool.obj
 0001:00014a50       _alloc_threadpool          10015a50 f   prtpool.obj
 0001:00014b70       _delete_threadpool         10015b70 f   prtpool.obj
 0001:00014c70       _delete_job                10015c70 f   prtpool.obj
 0001:00014d40       _alloc_job                 10015d40 f   prtpool.obj
 0001:00014df0       _queue_io_job              10015df0 f   prtpool.obj
 0001:000152d0       _notify_timerq             100162d0 f   prtpool.obj
 0001:000152f0       _notify_ioq                100162f0 f   prtpool.obj
 0001:00013bd0       _pr_ScanStack              10014bd0 f   prthinfo.obj
 0001:00013730       __isdigit                  10014730 f   praton.obj
 0001:00013760       __isxdigit                 10014760 f   praton.obj
 0001:00013780       __isspace                  10014780 f   praton.obj
 0001:00010f40       _CopyHostent               10011f40 f   prnetdb.obj
 0001:000112a0       _Alloc                     100122a0 f   prnetdb.obj
 0001:00011330       _MakeIPv4MappedAddr        10012330 f   prnetdb.obj
 0001:00011360       _MakeIPv4CompatAddr        10012360 f   prnetdb.obj
 0001:00011700       _CopyProtoent              10012700 f   prnetdb.obj
 0001:00011890       _getprotobyname_r          10012890 f   prnetdb.obj
 0001:00011960       _getprotobynumber_r        10012960 f   prnetdb.obj
 0001:00012220       _pr_GetAddrInfoByNameFB    10013220 f   prnetdb.obj
 0001:000124e0       _pr_StringToNetAddrGAI     100134e0 f   prnetdb.obj
 0001:000125f0       _pr_StringToNetAddrFB      100135f0 f   prnetdb.obj
 0001:00012670       _StringToV6Addr            10013670 f   prnetdb.obj
 0001:00012b20       _pr_NetAddrToStringGNI     10013b20 f   prnetdb.obj
 0001:00012b90       _pr_NetAddrToStringFB      10013b90 f   prnetdb.obj
 0001:00012c50       _V6AddrToString            10013c50 f   prnetdb.obj
 0001:0001d980       __pr_ConvertSemName        1001e980 f   prdump.obj
 0001:0001d980       __pr_ConvertShmName        1001e980 f   prdump.obj
 0001:0000fc80       __PR_InitStuff             10010c80 f   prinit.obj
 0001:00010030       __PR_CleanupBeforeExit     10011030 f   prinit.obj
 0001:00010700       __PR_InitCallOnce          10011700 f   prinit.obj
 0001:0000f8b0       _error_table_name          100108b0 f   prerrortable.obj
 0001:0000c8c0       _Balloc                    1000d8c0 f   prdtoa.obj
 0001:0000c9b0       _Bfree                     1000d9b0 f   prdtoa.obj
 0001:0000ca20       _s2b                       1000da20 f   prdtoa.obj
 0001:0000cb30       _multadd                   1000db30 f   prdtoa.obj
 0001:0000cc50       _i2b                       1000dc50 f   prdtoa.obj
 0001:0000cc80       _mult                      1000dc80 f   prdtoa.obj
 0001:0000cf40       _pow5mult                  1000df40 f   prdtoa.obj
 0001:0000d0a0       _lshift                    1000e0a0 f   prdtoa.obj
 0001:0000d210       _cmp                       1000e210 f   prdtoa.obj
 0001:0000d2b0       _diff                      1000e2b0 f   prdtoa.obj
 0001:0000d4b0       _ulp                       1000e4b0 f   prdtoa.obj
 0001:0000d4f0       _d2b                       1000e4f0 f   prdtoa.obj
 0001:0000d650       _hi0bits                   1000e650 f   prdtoa.obj
 0001:0000d710       _lo0bits                   1000e710 f   prdtoa.obj
 0001:0000d820       _ratio                     1000e820 f   prdtoa.obj
 0001:0000d8a0       _b2d                       1000e8a0 f   prdtoa.obj
 0001:0000db10       _freedtoa                  1000eb10 f   prdtoa.obj
 0001:0000db50       _dtoa                      1000eb50 f   prdtoa.obj
 0001:0000ecd0       _quorem                    1000fcd0 f   prdtoa.obj
 0001:0000efa0       _rv_alloc                  1000ffa0 f   prdtoa.obj
 0001:0000f000       _nrv_alloc                 10010000 f   prdtoa.obj
 0001:0000af30       __PR_CounterInitialize     1000bf30 f   prcountr.obj
 0001:0000a560       _pr_alarmNotifier          1000b560 f   pralarm.obj
 0001:0000a6a0       _pr_getNextAlarm           1000b6a0 f   pralarm.obj
 0001:0000a770       _pr_PredictNextNotifyTime  1000b770 f   pralarm.obj
 0001:0000a1a0       _GetPageSize               1000b1a0 f   prosdep.obj
 0001:00009660       _pr_LoadLibraryByPathname  1000a660 f   prlink.obj
 0001:00009920       _DLLErrorInternal          1000a920 f   prlink.obj
 0001:00009980       _pr_UnlockedFindLibrary    1000a980 f   prlink.obj
 0001:00009cb0       _pr_FindSymbolInLib        1000acb0 f   prlink.obj
 0001:00008450       _ExpandMonitorCache        10009450 f   prcmon.obj
 0001:00008810       _CreateMonitor             10009810 f   prcmon.obj
 0001:00008a10       _LookupMonitorCacheEntry   10009a10 f   prcmon.obj
 0001:00006d80       _DoScanf                   10007d80 f   prscanf.obj
 0001:000070c0       _Convert                   100080c0 f   prscanf.obj
 0001:00007700       _GetInt                    10008700 f   prscanf.obj
 0001:00007c10       __pr_strtoull              10008c10 f   prscanf.obj
 0001:00007e50       _GetFloat                  10008e50 f   prscanf.obj
 0001:00008310       _StringGetChar             10009310 f   prscanf.obj
 0001:00008350       _StringUngetChar           10009350 f   prscanf.obj
 0001:00005010       _dosprintf                 10006010 f   prprf.obj
 0001:00005c40       _cvt_l                     10006c40 f   prprf.obj
 0001:00005cf0       _fill_n                    10006cf0 f   prprf.obj
 0001:00005f10       _cvt_ll                    10006f10 f   prprf.obj
 0001:00006020       _cvt_f                     10007020 f   prprf.obj
 0001:000060b0       _cvt_s                     100070b0 f   prprf.obj
 0001:00006140       _fill2                     10007140 f   prprf.obj
 0001:00006210       _BuildArgArray             10007210 f   prprf.obj
 0001:00006940       _FuncStuff                 10007940 f   prprf.obj
 0001:00006a40       _GrowStuff                 10007a40 f   prprf.obj
 0001:00006be0       _LimitStuff                10007be0 f   prprf.obj
 0001:00004ce0       __pr_PolEvtPoll            10005ce0 f   prpolevt.obj
 0001:00004e50       __pr_PolEvtInit            10005e50 f   prpolevt.obj
 0001:00004e80       __pr_PolEvtClose           10005e80 f   prpolevt.obj
 0001:000041b0       __PR_SetLogModuleLevel     100051b0 f   prlog.obj
 0001:00003040       _pl_TopClose               10004040 f   prlayer.obj
 0001:00003100       _pl_DefRead                10004100 f   prlayer.obj
 0001:00003130       _pl_DefWrite               10004130 f   prlayer.obj
 0001:00003160       _pl_DefAvailable           10004160 f   prlayer.obj
 0001:00003180       _pl_DefAvailable64         10004180 f   prlayer.obj
 0001:000031a0       _pl_DefFsync               100041a0 f   prlayer.obj
 0001:000031c0       _pl_DefSeek                100041c0 f   prlayer.obj
 0001:000031f0       _pl_DefSeek64              100041f0 f   prlayer.obj
 0001:00003220       _pl_DefFileInfo            10004220 f   prlayer.obj
 0001:00003240       _pl_DefFileInfo64          10004240 f   prlayer.obj
 0001:00003260       _pl_DefWritev              10004260 f   prlayer.obj
 0001:00003290       _pl_DefConnect             10004290 f   prlayer.obj
 0001:000032c0       _pl_DefConnectcontinue     100042c0 f   prlayer.obj
 0001:000032e0       _pl_TopAccept              100042e0 f   prlayer.obj
 0001:000033d0       _pl_DefBind                100043d0 f   prlayer.obj
 0001:000033f0       _pl_DefListen              100043f0 f   prlayer.obj
 0001:00003410       _pl_DefShutdown            10004410 f   prlayer.obj
 0001:00003430       _pl_DefRecv                10004430 f   prlayer.obj
 0001:00003460       _pl_DefSend                10004460 f   prlayer.obj
 0001:00003490       _pl_DefRecvfrom            10004490 f   prlayer.obj
 0001:000034c0       _pl_DefSendto              100044c0 f   prlayer.obj
 0001:00004ce0       _pl_DefPoll                10005ce0 f   prpolevt.obj
 0001:000034f0       _pl_DefAcceptread          100044f0 f   prlayer.obj
 0001:00003600       _pl_DefTransmitfile        10004600 f   prlayer.obj
 0001:00003630       _pl_DefGetsockname         10004630 f   prlayer.obj
 0001:00003650       _pl_DefGetpeername         10004650 f   prlayer.obj
 0001:00003670       _pl_DefGetsocketoption     10004670 f   prlayer.obj
 0001:00003690       _pl_DefSetsocketoption     10004690 f   prlayer.obj
 0001:000036b0       _pl_DefSendfile            100046b0 f   prlayer.obj
 0001:000037e0       __PR_DestroyIOLayer        100047e0 f   prlayer.obj
 0001:000028c0       __pr_init_ipv6             100038c0 f   pripv6.obj
 0001:000029a0       _Ipv6ToIpv4SocketBind      100039a0 f   pripv6.obj
 0001:00002a40       __PR_ConvertToIpv4NetAddr  10003a40 f   pripv6.obj
 0001:00002ad0       _Ipv6ToIpv4SocketConnect   10003ad0 f   pripv6.obj
 0001:00002b70       _Ipv6ToIpv4SocketSendTo    10003b70 f   pripv6.obj
 0001:00002c20       _Ipv6ToIpv4SocketAccept    10003c20 f   pripv6.obj
 0001:00002cf0       __PR_ConvertToIpv6NetAddr  10003cf0 f   pripv6.obj
 0001:00002d80       _Ipv6ToIpv4SocketAcceptRead 10003d80 f   pripv6.obj
 0001:00002e50       _Ipv6ToIpv4SocketGetName   10003e50 f   pripv6.obj
 0001:00002e90       _Ipv6ToIpv4SocketGetPeerName 10003e90 f   pripv6.obj
 0001:00002ed0       _Ipv6ToIpv4SocketRecvFrom  10003ed0 f   pripv6.obj
 0001:00002f20       __pr_probe_ipv6_presence   10003f20 f   pripv6.obj
 0001:00000740       _MW_Init2                  10001740 f   prmwait.obj
 0001:000007d0       _MW_AddHashInternal        100017d0 f   prmwait.obj
 0001:000008d0       _MW_ExpandHashInternal     100018d0 f   prmwait.obj
 0001:00000ca0       __MW_PollInternal          10001ca0 f   prmwait.obj
 0001:00001070       __MW_DoneInternal          10002070 f   prmwait.obj
 0001:000010f0       __MW_LookupInternal        100020f0 f   prmwait.obj
 0001:000011b0       _MW_TestForShutdownInternal 100021b0 f   prmwait.obj
 0001:00001200       __MW_InitialRecv           10002200 f   prmwait.obj

 664 bytes saved through ICF

